#-----------------------------------------------------------
# Vivado v2024.2 (64-bit)
# SW Build 5239630 on Fri Nov 08 22:34:34 MST 2024
# IP Build 5239520 on Sun Nov 10 16:12:51 MST 2024
# SharedData Build 5239561 on Fri Nov 08 14:39:27 MST 2024
# Start of session at: Fri Jul  3 16:13:31 2026
# Process ID         : 34488
# Current directory  : /home/user/InternEric/projects/fpga-net-parser
# Command line       : vivado -mode batch -source synth/char.tcl
# Log file           : /home/user/InternEric/projects/fpga-net-parser/vivado.log
# Journal file       : /home/user/InternEric/projects/fpga-net-parser/vivado.jou
# Running On         : xilinxtemplatetsg
# Platform           : Ubuntu
# Operating System   : Ubuntu 22.04.4 LTS
# Processor Detail   : QEMU Virtual CPU version 2.5+
# CPU Frequency      : 2694.936 MHz
# CPU Physical cores : 8
# CPU Logical cores  : 8
# Host memory        : 16565 MB
# Swap memory        : 4294 MB
# Total Virtual      : 20860 MB
# Available Virtual  : 19614 MB
#-----------------------------------------------------------
source synth/char.tcl
# set here [file dirname [info script]]
# set part xc7a100tcsg324-1
# read_verilog -sv [glob $here/../rtl/*.sv]
# synth_design -top parser_top -part $part -mode out_of_context
Command: synth_design -top parser_top -part xc7a100tcsg324-1 -mode out_of_context
Starting synth_design
Attempting to get a license for feature 'Synthesis' and/or device 'xc7a100t'
INFO: [Common 17-349] Got license for feature 'Synthesis' and/or device 'xc7a100t'
INFO: [Synth 8-7079] Multithreading enabled for synth_design using a maximum of 7 processes.
INFO: [Synth 8-7078] Launching helper process for spawning children vivado processes
INFO: [Synth 8-7075] Helper process launched with PID 34501
---------------------------------------------------------------------------------
Starting Synthesize : Time (s): cpu = 00:00:03 ; elapsed = 00:00:03 . Memory (MB): peak = 1686.129 ; gain = 252.855 ; free physical = 11496 ; free virtual = 17924
---------------------------------------------------------------------------------
INFO: [Synth 8-6157] synthesizing module 'parser_top' [/home/user/InternEric/projects/fpga-net-parser/rtl/parser_top.sv:1]
INFO: [Synth 8-6157] synthesizing module 'eth_parser' [/home/user/InternEric/projects/fpga-net-parser/rtl/eth_parser.sv:1]
	Parameter MY_MAC bound to: 48'b000000100000000000000000000000000000000000000001 
INFO: [Synth 8-6155] done synthesizing module 'eth_parser' (0#1) [/home/user/InternEric/projects/fpga-net-parser/rtl/eth_parser.sv:1]
ERROR: [Synth 8-439] module 'ipv4_parser' not found [/home/user/InternEric/projects/fpga-net-parser/rtl/parser_top.sv:31]
ERROR: [Synth 8-6156] failed synthesizing module 'parser_top' [/home/user/InternEric/projects/fpga-net-parser/rtl/parser_top.sv:1]
---------------------------------------------------------------------------------
Finished Synthesize : Time (s): cpu = 00:00:04 ; elapsed = 00:00:04 . Memory (MB): peak = 1757.098 ; gain = 323.824 ; free physical = 11408 ; free virtual = 17835
---------------------------------------------------------------------------------
synthesize failed
INFO: [Common 17-83] Releasing license: Synthesis
8 Infos, 0 Warnings, 0 Critical Warnings and 3 Errors encountered.
synth_design failed
ERROR: [Common 17-69] Command failed: Vivado Synthesis failed
INFO: [Common 17-206] Exiting Vivado at Fri Jul  3 16:13:38 2026...
