#-----------------------------------------------------------
# Vivado v2024.2 (64-bit)
# SW Build 5239630 on Fri Nov 08 22:34:34 MST 2024
# IP Build 5239520 on Sun Nov 10 16:12:51 MST 2024
# SharedData Build 5239561 on Fri Nov 08 14:39:27 MST 2024
# Start of session at: Fri Jul  3 15:52:35 2026
# Process ID         : 22593
# Current directory  : /home/user/InternEric/projects/fpga-net-parser
# Command line       : vivado -mode batch -source /tmp/detect.tcl
# Log file           : /home/user/InternEric/projects/fpga-net-parser/vivado.log
# Journal file       : /home/user/InternEric/projects/fpga-net-parser/vivado.jou
# Running On         : xilinxtemplatetsg
# Platform           : Ubuntu
# Operating System   : Ubuntu 22.04.4 LTS
# Processor Detail   : QEMU Virtual CPU version 2.5+
# CPU Frequency      : 2694.936 MHz
# CPU Physical cores : 8
# CPU Logical cores  : 8
# Host memory        : 16565 MB
# Swap memory        : 4294 MB
# Total Virtual      : 20860 MB
# Available Virtual  : 19617 MB
#-----------------------------------------------------------
source /tmp/detect.tcl
# open_hw_manager
# connect_hw_server
INFO: [Labtools 27-2285] Connecting to hw_server url TCP:localhost:3121
INFO: [Labtools 27-2222] Launching hw_server...
INFO: [Labtools 27-2221] Launch Output:

****** Xilinx hw_server v2024.2
  **** Build date : Oct 29 2024 at 10:16:47
    ** Copyright 1986-2022 Xilinx, Inc. All Rights Reserved.


INFO: [Labtools 27-3415] Connecting to cs_server url TCP:localhost:0
INFO: [Labtools 27-3417] Launching cs_server...
INFO: [Labtools 27-2221] Launch Output:


******** Xilinx cs_server v2024.2.0
  ****** Build date   : Oct 30 2024-18:19:07
    **** Build number : 2024.2.1730312347
      ** Copyright 2017-2022 Xilinx, Inc. All Rights Reserved.
      ** Copyright 2022-2026 Advanced Micro Devices, Inc. All Rights Reserved.



# open_hw_target
INFO: [Labtoolstcl 44-466] Opening hw_target localhost:3121/xilinx_tcf/Digilent/210319B7C74DA
# puts "DEVICE: [get_hw_devices]"
DEVICE: xc7a100t_0
# puts "PART:   [get_property PART [current_hw_device]]"
PART:   xc7a100t
INFO: [Common 17-206] Exiting Vivado at Fri Jul  3 15:52:39 2026...
