#-----------------------------------------------------------
# Vivado v2024.2 (64-bit)
# SW Build 5239630 on Fri Nov 08 22:34:34 MST 2024
# IP Build 5239520 on Sun Nov 10 16:12:51 MST 2024
# SharedData Build 5239561 on Fri Nov 08 14:39:27 MST 2024
# Start of session at: Fri Jul  3 15:57:43 2026
# Process ID         : 23124
# Current directory  : /home/user/InternEric/projects/fpga-net-parser
# Command line       : vivado -mode batch -source synth/char.tcl
# Log file           : /home/user/InternEric/projects/fpga-net-parser/vivado.log
# Journal file       : /home/user/InternEric/projects/fpga-net-parser/vivado.jou
# Running On         : xilinxtemplatetsg
# Platform           : Ubuntu
# Operating System   : Ubuntu 22.04.4 LTS
# Processor Detail   : QEMU Virtual CPU version 2.5+
# CPU Frequency      : 2694.936 MHz
# CPU Physical cores : 8
# CPU Logical cores  : 8
# Host memory        : 16565 MB
# Swap memory        : 4294 MB
# Total Virtual      : 20860 MB
# Available Virtual  : 19612 MB
#-----------------------------------------------------------
source synth/char.tcl
# set here [file dirname [info script]]
# set part xc7a100tcsg324-1
# read_verilog -sv [glob $here/../rtl/*.sv]
# synth_design -top parser_top -part $part -mode out_of_context
Command: synth_design -top parser_top -part xc7a100tcsg324-1 -mode out_of_context
Starting synth_design
Attempting to get a license for feature 'Synthesis' and/or device 'xc7a100t'
INFO: [Common 17-349] Got license for feature 'Synthesis' and/or device 'xc7a100t'
INFO: [Synth 8-7079] Multithreading enabled for synth_design using a maximum of 7 processes.
INFO: [Synth 8-7078] Launching helper process for spawning children vivado processes
INFO: [Synth 8-7075] Helper process launched with PID 23137
---------------------------------------------------------------------------------
Starting Synthesize : Time (s): cpu = 00:00:03 ; elapsed = 00:00:03 . Memory (MB): peak = 1686.133 ; gain = 251.855 ; free physical = 11578 ; free virtual = 17927
---------------------------------------------------------------------------------
INFO: [Synth 8-6157] synthesizing module 'parser_top' [/home/user/InternEric/projects/fpga-net-parser/rtl/parser_top.sv:1]
INFO: [Synth 8-6157] synthesizing module 'eth_parser' [/home/user/InternEric/projects/fpga-net-parser/rtl/eth_parser.sv:1]
	Parameter MY_MAC bound to: 48'b000000100000000000000000000000000000000000000001 
INFO: [Synth 8-6155] done synthesizing module 'eth_parser' (0#1) [/home/user/InternEric/projects/fpga-net-parser/rtl/eth_parser.sv:1]
INFO: [Synth 8-6157] synthesizing module 'ipv4_parser' [/home/user/InternEric/projects/fpga-net-parser/rtl/ipv4_parser.sv:1]
INFO: [Synth 8-6155] done synthesizing module 'ipv4_parser' (0#1) [/home/user/InternEric/projects/fpga-net-parser/rtl/ipv4_parser.sv:1]
INFO: [Synth 8-6157] synthesizing module 'udp_parser' [/home/user/InternEric/projects/fpga-net-parser/rtl/udp_parser.sv:1]
	Parameter LISTEN_PORT bound to: 16'b0011011111100110 
INFO: [Synth 8-6155] done synthesizing module 'udp_parser' (0#1) [/home/user/InternEric/projects/fpga-net-parser/rtl/udp_parser.sv:1]
INFO: [Synth 8-6157] synthesizing module 'l1_trigger' [/home/user/InternEric/projects/fpga-net-parser/rtl/l1_trigger.sv:1]
	Parameter LATENCY bound to: 4 - type: integer 
INFO: [Synth 8-6155] done synthesizing module 'l1_trigger' (0#1) [/home/user/InternEric/projects/fpga-net-parser/rtl/l1_trigger.sv:1]
INFO: [Synth 8-6155] done synthesizing module 'parser_top' (0#1) [/home/user/InternEric/projects/fpga-net-parser/rtl/parser_top.sv:1]
---------------------------------------------------------------------------------
Finished Synthesize : Time (s): cpu = 00:00:04 ; elapsed = 00:00:04 . Memory (MB): peak = 1760.102 ; gain = 325.824 ; free physical = 11481 ; free virtual = 17833
---------------------------------------------------------------------------------
---------------------------------------------------------------------------------
Finished Constraint Validation : Time (s): cpu = 00:00:04 ; elapsed = 00:00:05 . Memory (MB): peak = 1774.945 ; gain = 340.668 ; free physical = 11481 ; free virtual = 17833
---------------------------------------------------------------------------------
---------------------------------------------------------------------------------
Start Loading Part and Timing Information
---------------------------------------------------------------------------------
Loading part: xc7a100tcsg324-1
---------------------------------------------------------------------------------
INFO: [Device 21-403] Loading part xc7a100tcsg324-1
Finished Loading Part and Timing Information : Time (s): cpu = 00:00:04 ; elapsed = 00:00:05 . Memory (MB): peak = 1782.949 ; gain = 348.672 ; free physical = 11480 ; free virtual = 17832
---------------------------------------------------------------------------------
---------------------------------------------------------------------------------
Finished RTL Optimization Phase 2 : Time (s): cpu = 00:00:04 ; elapsed = 00:00:05 . Memory (MB): peak = 1799.863 ; gain = 365.586 ; free physical = 11457 ; free virtual = 17811
---------------------------------------------------------------------------------
No constraint files found.
---------------------------------------------------------------------------------
Start RTL Component Statistics 
---------------------------------------------------------------------------------
Detailed RTL Component Info : 
+---Adders : 
	   2 Input   17 Bit       Adders := 1     
	   2 Input   16 Bit       Adders := 1     
	   2 Input    6 Bit       Adders := 3     
	   2 Input    4 Bit       Adders := 1     
+---Registers : 
	               32 Bit    Registers := 2     
	               16 Bit    Registers := 5     
	                6 Bit    Registers := 3     
	                4 Bit    Registers := 1     
	                3 Bit    Registers := 2     
	                1 Bit    Registers := 10    
+---Muxes : 
	   2 Input   32 Bit        Muxes := 1     
	   2 Input   16 Bit        Muxes := 9     
	   2 Input    8 Bit        Muxes := 10    
	   2 Input    2 Bit        Muxes := 1     
	   6 Input    2 Bit        Muxes := 1     
	   2 Input    1 Bit        Muxes := 23    
	   3 Input    1 Bit        Muxes := 1     
---------------------------------------------------------------------------------
Finished RTL Component Statistics 
---------------------------------------------------------------------------------
---------------------------------------------------------------------------------
Start Part Resource Summary
---------------------------------------------------------------------------------
Part Resources:
DSPs: 240 (col length:80)
BRAMs: 270 (col length: RAMB18 80 RAMB36 40)
---------------------------------------------------------------------------------
Finished Part Resource Summary
---------------------------------------------------------------------------------
No constraint files found.
---------------------------------------------------------------------------------
Start Cross Boundary and Area Optimization
---------------------------------------------------------------------------------
WARNING: [Synth 8-7080] Parallel synthesis criteria is not met
---------------------------------------------------------------------------------
Finished Cross Boundary and Area Optimization : Time (s): cpu = 00:00:07 ; elapsed = 00:00:08 . Memory (MB): peak = 1916.840 ; gain = 482.562 ; free physical = 11300 ; free virtual = 17680
---------------------------------------------------------------------------------
No constraint files found.
---------------------------------------------------------------------------------
Start Timing Optimization
---------------------------------------------------------------------------------
---------------------------------------------------------------------------------
Finished Timing Optimization : Time (s): cpu = 00:00:07 ; elapsed = 00:00:08 . Memory (MB): peak = 1916.840 ; gain = 482.562 ; free physical = 11299 ; free virtual = 17679
---------------------------------------------------------------------------------
---------------------------------------------------------------------------------
Start Technology Mapping
---------------------------------------------------------------------------------
---------------------------------------------------------------------------------
Finished Technology Mapping : Time (s): cpu = 00:00:07 ; elapsed = 00:00:08 . Memory (MB): peak = 1916.840 ; gain = 482.562 ; free physical = 11299 ; free virtual = 17679
---------------------------------------------------------------------------------
---------------------------------------------------------------------------------
Start IO Insertion
---------------------------------------------------------------------------------
---------------------------------------------------------------------------------
Start Flattening Before IO Insertion
---------------------------------------------------------------------------------
---------------------------------------------------------------------------------
Finished Flattening Before IO Insertion
---------------------------------------------------------------------------------
---------------------------------------------------------------------------------
Start Final Netlist Cleanup
---------------------------------------------------------------------------------
---------------------------------------------------------------------------------
Finished Final Netlist Cleanup
---------------------------------------------------------------------------------
---------------------------------------------------------------------------------
Finished IO Insertion : Time (s): cpu = 00:00:10 ; elapsed = 00:00:11 . Memory (MB): peak = 2062.652 ; gain = 628.375 ; free physical = 11174 ; free virtual = 17554
---------------------------------------------------------------------------------
---------------------------------------------------------------------------------
Start Renaming Generated Instances
---------------------------------------------------------------------------------
---------------------------------------------------------------------------------
Finished Renaming Generated Instances : Time (s): cpu = 00:00:10 ; elapsed = 00:00:11 . Memory (MB): peak = 2062.652 ; gain = 628.375 ; free physical = 11174 ; free virtual = 17554
---------------------------------------------------------------------------------
---------------------------------------------------------------------------------
Start Rebuilding User Hierarchy
---------------------------------------------------------------------------------
---------------------------------------------------------------------------------
Finished Rebuilding User Hierarchy : Time (s): cpu = 00:00:10 ; elapsed = 00:00:11 . Memory (MB): peak = 2062.652 ; gain = 628.375 ; free physical = 11174 ; free virtual = 17554
---------------------------------------------------------------------------------
---------------------------------------------------------------------------------
Start Renaming Generated Ports
---------------------------------------------------------------------------------
---------------------------------------------------------------------------------
Finished Renaming Generated Ports : Time (s): cpu = 00:00:10 ; elapsed = 00:00:11 . Memory (MB): peak = 2062.652 ; gain = 628.375 ; free physical = 11173 ; free virtual = 17553
---------------------------------------------------------------------------------
---------------------------------------------------------------------------------
Start Handling Custom Attributes
---------------------------------------------------------------------------------
---------------------------------------------------------------------------------
Finished Handling Custom Attributes : Time (s): cpu = 00:00:10 ; elapsed = 00:00:11 . Memory (MB): peak = 2062.652 ; gain = 628.375 ; free physical = 11173 ; free virtual = 17553
---------------------------------------------------------------------------------
---------------------------------------------------------------------------------
Start Renaming Generated Nets
---------------------------------------------------------------------------------
---------------------------------------------------------------------------------
Finished Renaming Generated Nets : Time (s): cpu = 00:00:10 ; elapsed = 00:00:11 . Memory (MB): peak = 2062.652 ; gain = 628.375 ; free physical = 11173 ; free virtual = 17553
---------------------------------------------------------------------------------
---------------------------------------------------------------------------------
Start Writing Synthesis Report
---------------------------------------------------------------------------------

Report BlackBoxes: 
+-+--------------+----------+
| |BlackBox name |Instances |
+-+--------------+----------+
+-+--------------+----------+

Report Cell Usage: 
+------+-------+------+
|      |Cell   |Count |
+------+-------+------+
|1     |CARRY4 |    17|
|2     |LUT1   |     5|
|3     |LUT2   |    27|
|4     |LUT3   |    27|
|5     |LUT4   |    17|
|6     |LUT5   |    10|
|7     |LUT6   |    40|
|8     |FDRE   |   115|
+------+-------+------+

Report Instance Areas: 
+------+---------+------------+------+
|      |Instance |Module      |Cells |
+------+---------+------------+------+
|1     |top      |            |   258|
|2     |  u_eth  |eth_parser  |    48|
|3     |  u_ipv4 |ipv4_parser |   121|
|4     |  u_trig |l1_trigger  |    29|
|5     |  u_udp  |udp_parser  |    60|
+------+---------+------------+------+
---------------------------------------------------------------------------------
Finished Writing Synthesis Report : Time (s): cpu = 00:00:10 ; elapsed = 00:00:11 . Memory (MB): peak = 2062.652 ; gain = 628.375 ; free physical = 11173 ; free virtual = 17553
---------------------------------------------------------------------------------
Synthesis finished with 0 errors, 0 critical warnings and 1 warnings.
Synthesis Optimization Runtime : Time (s): cpu = 00:00:10 ; elapsed = 00:00:11 . Memory (MB): peak = 2062.652 ; gain = 628.375 ; free physical = 11173 ; free virtual = 17553
Synthesis Optimization Complete : Time (s): cpu = 00:00:10 ; elapsed = 00:00:11 . Memory (MB): peak = 2062.660 ; gain = 628.375 ; free physical = 11173 ; free virtual = 17553
INFO: [Project 1-571] Translating synthesized netlist
Netlist sorting complete. Time (s): cpu = 00:00:00 ; elapsed = 00:00:00 . Memory (MB): peak = 2077.527 ; gain = 0.000 ; free physical = 11317 ; free virtual = 17697
INFO: [Netlist 29-17] Analyzing 17 Unisim elements for replacement
INFO: [Netlist 29-28] Unisim Transformation completed in 0 CPU seconds
INFO: [Project 1-570] Preparing netlist for logic optimization
INFO: [Opt 31-138] Pushed 0 inverter(s) to 0 load pin(s).
Netlist sorting complete. Time (s): cpu = 00:00:00 ; elapsed = 00:00:00 . Memory (MB): peak = 2226.148 ; gain = 0.000 ; free physical = 11211 ; free virtual = 17605
INFO: [Project 1-111] Unisim Transformation Summary:
No Unisim elements were transformed.

Synth Design complete | Checksum: aa00bd14
INFO: [Common 17-83] Releasing license: Synthesis
22 Infos, 1 Warnings, 0 Critical Warnings and 0 Errors encountered.
synth_design completed successfully
synth_design: Time (s): cpu = 00:00:14 ; elapsed = 00:00:13 . Memory (MB): peak = 2226.148 ; gain = 791.879 ; free physical = 11211 ; free virtual = 17605
INFO: [Common 17-2834] synth_design peak Physical Memory [PSS] (MB): overall = 1528.330; main = 1458.415; forked = 280.272
INFO: [Common 17-2834] synth_design peak Virtual Memory [VSS] (MB): overall = 2910.941; main = 2226.152; forked = 908.098
# create_clock -name clk -period 4.000 [get_ports clk]   
# opt_design
Command: opt_design
Attempting to get a license for feature 'Implementation' and/or device 'xc7a100t'
INFO: [Common 17-349] Got license for feature 'Implementation' and/or device 'xc7a100t'
Running DRC as a precondition to command opt_design

Starting DRC Task
INFO: [DRC 23-27] Running DRC with 8 threads
WARNING: [DRC 23-814] Not all possible (connectivity based) DRCs may have been run because this design is seen as Out of Context.
INFO: [Project 1-461] DRC finished with 0 Errors
INFO: [Project 1-462] Please refer to the DRC report (report_drc) for more information.

Time (s): cpu = 00:00:00.85 ; elapsed = 00:00:00.35 . Memory (MB): peak = 2310.961 ; gain = 84.812 ; free physical = 11209 ; free virtual = 17604

Starting Cache Timing Information Task
INFO: [Timing 38-35] Done setting XDC timing constraints.
Ending Cache Timing Information Task | Checksum: 166240185

Time (s): cpu = 00:00:04 ; elapsed = 00:00:05 . Memory (MB): peak = 2570.914 ; gain = 259.953 ; free physical = 10999 ; free virtual = 17417

Starting Logic Optimization Task

Phase 1 Initialization

Phase 1.1 Core Generation And Design Setup
Phase 1.1 Core Generation And Design Setup | Checksum: 166240185

Time (s): cpu = 00:00:00 ; elapsed = 00:00:00 . Memory (MB): peak = 2845.820 ; gain = 0.000 ; free physical = 10704 ; free virtual = 17121

Phase 1.2 Setup Constraints And Sort Netlist
Phase 1.2 Setup Constraints And Sort Netlist | Checksum: 166240185

Time (s): cpu = 00:00:00 ; elapsed = 00:00:00 . Memory (MB): peak = 2845.820 ; gain = 0.000 ; free physical = 10704 ; free virtual = 17121
Phase 1 Initialization | Checksum: 166240185

Time (s): cpu = 00:00:00 ; elapsed = 00:00:00 . Memory (MB): peak = 2845.820 ; gain = 0.000 ; free physical = 10704 ; free virtual = 17121

Phase 2 Timer Update And Timing Data Collection

Phase 2.1 Timer Update
Phase 2.1 Timer Update | Checksum: 166240185

Time (s): cpu = 00:00:00.01 ; elapsed = 00:00:00.01 . Memory (MB): peak = 2845.820 ; gain = 0.000 ; free physical = 10704 ; free virtual = 17121

Phase 2.2 Timing Data Collection
Phase 2.2 Timing Data Collection | Checksum: 166240185

Time (s): cpu = 00:00:00.01 ; elapsed = 00:00:00.01 . Memory (MB): peak = 2845.820 ; gain = 0.000 ; free physical = 10704 ; free virtual = 17121
Phase 2 Timer Update And Timing Data Collection | Checksum: 166240185

Time (s): cpu = 00:00:00.01 ; elapsed = 00:00:00.01 . Memory (MB): peak = 2845.820 ; gain = 0.000 ; free physical = 10704 ; free virtual = 17121

Phase 3 Retarget
INFO: [Opt 31-1851] Number of loadless carry chains removed were: 0
INFO: [Opt 31-1834] Total Chains To Be Transformed Were: 0 AND Number of Transformed insts Created are: 0
INFO: [Opt 31-138] Pushed 0 inverter(s) to 0 load pin(s).
INFO: [Opt 31-49] Retargeted 0 cell(s).
Phase 3 Retarget | Checksum: 166240185

Time (s): cpu = 00:00:00.02 ; elapsed = 00:00:00.03 . Memory (MB): peak = 2845.820 ; gain = 0.000 ; free physical = 10704 ; free virtual = 17121
Retarget | Checksum: 166240185
INFO: [Opt 31-389] Phase Retarget created 0 cells and removed 0 cells

Phase 4 Constant propagation
INFO: [Opt 31-138] Pushed 0 inverter(s) to 0 load pin(s).
Phase 4 Constant propagation | Checksum: 166240185

Time (s): cpu = 00:00:00.02 ; elapsed = 00:00:00.03 . Memory (MB): peak = 2845.820 ; gain = 0.000 ; free physical = 10704 ; free virtual = 17121
Constant propagation | Checksum: 166240185
INFO: [Opt 31-389] Phase Constant propagation created 0 cells and removed 0 cells

Phase 5 Sweep
INFO: [Constraints 18-11670] Building netlist checker database with flags, 0x8
Done building netlist checker database: Time (s): cpu = 00:00:00 ; elapsed = 00:00:00 . Memory (MB): peak = 2845.820 ; gain = 0.000 ; free physical = 10704 ; free virtual = 17121
Phase 5 Sweep | Checksum: bcc79ab4

Time (s): cpu = 00:00:00.02 ; elapsed = 00:00:00.03 . Memory (MB): peak = 2845.820 ; gain = 0.000 ; free physical = 10704 ; free virtual = 17121
Sweep | Checksum: bcc79ab4
INFO: [Opt 31-389] Phase Sweep created 0 cells and removed 0 cells

Phase 6 BUFG optimization
Phase 6 BUFG optimization | Checksum: bcc79ab4

Time (s): cpu = 00:00:00.03 ; elapsed = 00:00:00.04 . Memory (MB): peak = 2877.836 ; gain = 32.016 ; free physical = 10704 ; free virtual = 17121
BUFG optimization | Checksum: bcc79ab4
INFO: [Opt 31-662] Phase BUFG optimization created 0 cells of which 0 are BUFGs and removed 0 cells.

Phase 7 Shift Register Optimization
INFO: [Opt 31-1064] SRL Remap converted 0 SRLs to 0 registers and converted 0 registers of register chains to 0 SRLs
Phase 7 Shift Register Optimization | Checksum: bcc79ab4

Time (s): cpu = 00:00:00.03 ; elapsed = 00:00:00.04 . Memory (MB): peak = 2877.836 ; gain = 32.016 ; free physical = 10704 ; free virtual = 17121
Shift Register Optimization | Checksum: bcc79ab4
INFO: [Opt 31-389] Phase Shift Register Optimization created 0 cells and removed 0 cells

Phase 8 Post Processing Netlist
Phase 8 Post Processing Netlist | Checksum: bcc79ab4

Time (s): cpu = 00:00:00.03 ; elapsed = 00:00:00.04 . Memory (MB): peak = 2877.836 ; gain = 32.016 ; free physical = 10704 ; free virtual = 17121
Post Processing Netlist | Checksum: bcc79ab4
INFO: [Opt 31-389] Phase Post Processing Netlist created 0 cells and removed 0 cells

Phase 9 Finalization

Phase 9.1 Finalizing Design Cores and Updating Shapes
Phase 9.1 Finalizing Design Cores and Updating Shapes | Checksum: 1ee637b7a

Time (s): cpu = 00:00:00.04 ; elapsed = 00:00:00.05 . Memory (MB): peak = 2877.836 ; gain = 32.016 ; free physical = 10704 ; free virtual = 17121

Phase 9.2 Verifying Netlist Connectivity

Starting Connectivity Check Task

Time (s): cpu = 00:00:00 ; elapsed = 00:00:00 . Memory (MB): peak = 2877.836 ; gain = 0.000 ; free physical = 10704 ; free virtual = 17121
Phase 9.2 Verifying Netlist Connectivity | Checksum: 1ee637b7a

Time (s): cpu = 00:00:00.04 ; elapsed = 00:00:00.05 . Memory (MB): peak = 2877.836 ; gain = 32.016 ; free physical = 10704 ; free virtual = 17121
Phase 9 Finalization | Checksum: 1ee637b7a

Time (s): cpu = 00:00:00.04 ; elapsed = 00:00:00.05 . Memory (MB): peak = 2877.836 ; gain = 32.016 ; free physical = 10704 ; free virtual = 17121
Opt_design Change Summary
=========================


-------------------------------------------------------------------------------------------------------------------------
|  Phase                        |  #Cells created  |  #Cells Removed  |  #Constrained objects preventing optimizations  |
-------------------------------------------------------------------------------------------------------------------------
|  Retarget                     |               0  |               0  |                                              0  |
|  Constant propagation         |               0  |               0  |                                              0  |
|  Sweep                        |               0  |               0  |                                              0  |
|  BUFG optimization            |               0  |               0  |                                              0  |
|  Shift Register Optimization  |               0  |               0  |                                              0  |
|  Post Processing Netlist      |               0  |               0  |                                              0  |
-------------------------------------------------------------------------------------------------------------------------


Ending Logic Optimization Task | Checksum: 1ee637b7a

Time (s): cpu = 00:00:00.04 ; elapsed = 00:00:00.05 . Memory (MB): peak = 2877.836 ; gain = 32.016 ; free physical = 10704 ; free virtual = 17121

Starting Power Optimization Task
INFO: [Pwropt 34-132] Skipping clock gating for clocks with a period < 2.00 ns.
Ending Power Optimization Task | Checksum: 1ee637b7a

Time (s): cpu = 00:00:00 ; elapsed = 00:00:00.01 . Memory (MB): peak = 2877.836 ; gain = 0.000 ; free physical = 10704 ; free virtual = 17121

Starting Final Cleanup Task
Ending Final Cleanup Task | Checksum: 1ee637b7a

Time (s): cpu = 00:00:00 ; elapsed = 00:00:00 . Memory (MB): peak = 2877.836 ; gain = 0.000 ; free physical = 10704 ; free virtual = 17121

Starting Netlist Obfuscation Task
Netlist sorting complete. Time (s): cpu = 00:00:00 ; elapsed = 00:00:00 . Memory (MB): peak = 2877.836 ; gain = 0.000 ; free physical = 10704 ; free virtual = 17121
Ending Netlist Obfuscation Task | Checksum: 1ee637b7a

Time (s): cpu = 00:00:00 ; elapsed = 00:00:00 . Memory (MB): peak = 2877.836 ; gain = 0.000 ; free physical = 10704 ; free virtual = 17121
INFO: [Common 17-83] Releasing license: Implementation
20 Infos, 1 Warnings, 0 Critical Warnings and 0 Errors encountered.
opt_design completed successfully
opt_design: Time (s): cpu = 00:00:07 ; elapsed = 00:00:07 . Memory (MB): peak = 2877.836 ; gain = 651.688 ; free physical = 10704 ; free virtual = 17121
# place_design
Command: place_design
Attempting to get a license for feature 'Implementation' and/or device 'xc7a100t'
INFO: [Common 17-349] Got license for feature 'Implementation' and/or device 'xc7a100t'
INFO: [Common 17-83] Releasing license: Implementation
INFO: [DRC 23-27] Running DRC with 8 threads
WARNING: [DRC 23-814] Not all possible (connectivity based) DRCs may have been run because this design is seen as Out of Context.
INFO: [Vivado_Tcl 4-198] DRC finished with 0 Errors
INFO: [Vivado_Tcl 4-199] Please refer to the DRC report (report_drc) for more information.
Running DRC as a precondition to command place_design
INFO: [DRC 23-27] Running DRC with 8 threads
WARNING: [DRC 23-814] Not all possible (connectivity based) DRCs may have been run because this design is seen as Out of Context.
INFO: [Vivado_Tcl 4-198] DRC finished with 0 Errors
INFO: [Vivado_Tcl 4-199] Please refer to the DRC report (report_drc) for more information.
INFO: [Place 30-611] Multithreading enabled for place_design using a maximum of 8 CPUs

Starting Placer Task

Phase 1 Placer Initialization

Phase 1.1 Placer Initialization Netlist Sorting
Netlist sorting complete. Time (s): cpu = 00:00:00 ; elapsed = 00:00:00 . Memory (MB): peak = 2877.836 ; gain = 0.000 ; free physical = 10704 ; free virtual = 17123
Phase 1.1 Placer Initialization Netlist Sorting | Checksum: 1a7acde61

Time (s): cpu = 00:00:00 ; elapsed = 00:00:00 . Memory (MB): peak = 2877.836 ; gain = 0.000 ; free physical = 10704 ; free virtual = 17123
Netlist sorting complete. Time (s): cpu = 00:00:00 ; elapsed = 00:00:00 . Memory (MB): peak = 2877.836 ; gain = 0.000 ; free physical = 10704 ; free virtual = 17123

Phase 1.2 IO Placement/ Clock Placement/ Build Placer Device
INFO: [Timing 38-35] Done setting XDC timing constraints.
Phase 1.2 IO Placement/ Clock Placement/ Build Placer Device | Checksum: 194ff4777

Time (s): cpu = 00:00:00.17 ; elapsed = 00:00:00.07 . Memory (MB): peak = 2877.836 ; gain = 0.000 ; free physical = 10703 ; free virtual = 17123

Phase 1.3 Build Placer Netlist Model
Phase 1.3 Build Placer Netlist Model | Checksum: 1e5bc28f5

Time (s): cpu = 00:00:00.47 ; elapsed = 00:00:00.19 . Memory (MB): peak = 2909.852 ; gain = 32.016 ; free physical = 10702 ; free virtual = 17123

Phase 1.4 Constrain Clocks/Macros
Phase 1.4 Constrain Clocks/Macros | Checksum: 1e5bc28f5

Time (s): cpu = 00:00:00.47 ; elapsed = 00:00:00.19 . Memory (MB): peak = 2909.852 ; gain = 32.016 ; free physical = 10702 ; free virtual = 17123
Phase 1 Placer Initialization | Checksum: 1e5bc28f5

Time (s): cpu = 00:00:00.48 ; elapsed = 00:00:00.2 . Memory (MB): peak = 2909.852 ; gain = 32.016 ; free physical = 10702 ; free virtual = 17123

Phase 2 Global Placement

Phase 2.1 Floorplanning
Phase 2.1 Floorplanning | Checksum: 280ddc38a

Time (s): cpu = 00:00:00.63 ; elapsed = 00:00:00.24 . Memory (MB): peak = 2909.852 ; gain = 32.016 ; free physical = 10700 ; free virtual = 17121

Phase 2.2 Update Timing before SLR Path Opt
Phase 2.2 Update Timing before SLR Path Opt | Checksum: 1f0628a67

Time (s): cpu = 00:00:00.71 ; elapsed = 00:00:00.27 . Memory (MB): peak = 2909.852 ; gain = 32.016 ; free physical = 10700 ; free virtual = 17121

Phase 2.3 Post-Processing in Floorplanning
Phase 2.3 Post-Processing in Floorplanning | Checksum: 1f0628a67

Time (s): cpu = 00:00:00.71 ; elapsed = 00:00:00.27 . Memory (MB): peak = 2909.852 ; gain = 32.016 ; free physical = 10700 ; free virtual = 17121

Phase 2.4 Global Place Phase1
Phase 2.4 Global Place Phase1 | Checksum: 266097e4f

Time (s): cpu = 00:00:02 ; elapsed = 00:00:00.96 . Memory (MB): peak = 2909.852 ; gain = 32.016 ; free physical = 10688 ; free virtual = 17110

Phase 2.5 Global Place Phase2

Phase 2.5.1 UpdateTiming Before Physical Synthesis
Phase 2.5.1 UpdateTiming Before Physical Synthesis | Checksum: 2758c2501

Time (s): cpu = 00:00:02 ; elapsed = 00:00:00.99 . Memory (MB): peak = 2909.852 ; gain = 32.016 ; free physical = 10688 ; free virtual = 17110

Phase 2.5.2 Physical Synthesis In Placer
INFO: [Physopt 32-1035] Found 0 LUTNM shape to break, 11 LUT instances to create LUTNM shape
INFO: [Physopt 32-1044] Break lutnm for timing: one critical 0, two critical 0, total 0, new lutff created 0
INFO: [Physopt 32-1138] End 1 Pass. Optimized 5 nets or LUTs. Breaked 0 LUT, combined 5 existing LUTs and moved 0 existing LUT
INFO: [Physopt 32-65] No nets found for high-fanout optimization.
INFO: [Physopt 32-232] Optimized 0 net. Created 0 new instance.
INFO: [Physopt 32-775] End 1 Pass. Optimized 0 net or cell. Created 0 new cell, deleted 0 existing cell and moved 0 existing cell
INFO: [Physopt 32-456] No candidate cells for DSP register optimization found in the design.
INFO: [Physopt 32-775] End 2 Pass. Optimized 0 net or cell. Created 0 new cell, deleted 0 existing cell and moved 0 existing cell
INFO: [Physopt 32-1123] No candidate cells found for Shift Register to Pipeline optimization
INFO: [Physopt 32-775] End 2 Pass. Optimized 0 net or cell. Created 0 new cell, deleted 0 existing cell and moved 0 existing cell
INFO: [Physopt 32-1401] No candidate cells found for Shift Register optimization.
INFO: [Physopt 32-677] No candidate cells for Shift Register optimization found in the design
INFO: [Physopt 32-775] End 1 Pass. Optimized 0 net or cell. Created 0 new cell, deleted 0 existing cell and moved 0 existing cell
INFO: [Physopt 32-526] No candidate cells for BRAM register optimization found in the design
INFO: [Physopt 32-775] End 1 Pass. Optimized 0 net or cell. Created 0 new cell, deleted 0 existing cell and moved 0 existing cell
INFO: [Physopt 32-846] No candidate cells for URAM register optimization found in the design
INFO: [Physopt 32-775] End 1 Pass. Optimized 0 net or cell. Created 0 new cell, deleted 0 existing cell and moved 0 existing cell
INFO: [Physopt 32-846] No candidate cells for URAM register optimization found in the design
INFO: [Physopt 32-775] End 1 Pass. Optimized 0 net or cell. Created 0 new cell, deleted 0 existing cell and moved 0 existing cell
INFO: [Physopt 32-949] No candidate nets found for dynamic/static region interface net replication
INFO: [Physopt 32-775] End 1 Pass. Optimized 0 net or cell. Created 0 new cell, deleted 0 existing cell and moved 0 existing cell
Netlist sorting complete. Time (s): cpu = 00:00:00 ; elapsed = 00:00:00 . Memory (MB): peak = 2909.852 ; gain = 0.000 ; free physical = 10688 ; free virtual = 17112

Summary of Physical Synthesis Optimizations
============================================


-----------------------------------------------------------------------------------------------------------------------------------------------------------
|  Optimization                                     |  Added Cells  |  Removed Cells  |  Optimized Cells/Nets  |  Dont Touch  |  Iterations  |  Elapsed   |
-----------------------------------------------------------------------------------------------------------------------------------------------------------
|  LUT Combining                                    |            0  |              5  |                     5  |           0  |           1  |  00:00:00  |
|  Retime                                           |            0  |              0  |                     0  |           0  |           1  |  00:00:00  |
|  Very High Fanout                                 |            0  |              0  |                     0  |           0  |           1  |  00:00:00  |
|  DSP Register                                     |            0  |              0  |                     0  |           0  |           1  |  00:00:00  |
|  Shift Register to Pipeline                       |            0  |              0  |                     0  |           0  |           1  |  00:00:00  |
|  Shift Register                                   |            0  |              0  |                     0  |           0  |           1  |  00:00:00  |
|  BRAM Register                                    |            0  |              0  |                     0  |           0  |           1  |  00:00:00  |
|  URAM Register                                    |            0  |              0  |                     0  |           0  |           1  |  00:00:00  |
|  Dynamic/Static Region Interface Net Replication  |            0  |              0  |                     0  |           0  |           1  |  00:00:00  |
|  Total                                            |            0  |              5  |                     5  |           0  |           9  |  00:00:00  |
-----------------------------------------------------------------------------------------------------------------------------------------------------------


Phase 2.5.2 Physical Synthesis In Placer | Checksum: 17d99b22c

Time (s): cpu = 00:00:03 ; elapsed = 00:00:01 . Memory (MB): peak = 2909.852 ; gain = 32.016 ; free physical = 10688 ; free virtual = 17112
Phase 2.5 Global Place Phase2 | Checksum: 192692099

Time (s): cpu = 00:00:03 ; elapsed = 00:00:01 . Memory (MB): peak = 2909.852 ; gain = 32.016 ; free physical = 10687 ; free virtual = 17112
Phase 2 Global Placement | Checksum: 192692099

Time (s): cpu = 00:00:03 ; elapsed = 00:00:01 . Memory (MB): peak = 2909.852 ; gain = 32.016 ; free physical = 10687 ; free virtual = 17112

Phase 3 Detail Placement

Phase 3.1 Commit Multi Column Macros
Phase 3.1 Commit Multi Column Macros | Checksum: 1657f30bc

Time (s): cpu = 00:00:03 ; elapsed = 00:00:01 . Memory (MB): peak = 2909.852 ; gain = 32.016 ; free physical = 10687 ; free virtual = 17112

Phase 3.2 Commit Most Macros & LUTRAMs
Phase 3.2 Commit Most Macros & LUTRAMs | Checksum: 19e5d7fae

Time (s): cpu = 00:00:03 ; elapsed = 00:00:01 . Memory (MB): peak = 2916.879 ; gain = 39.043 ; free physical = 10687 ; free virtual = 17113

Phase 3.3 Area Swap Optimization
Phase 3.3 Area Swap Optimization | Checksum: 1fe9e6f38

Time (s): cpu = 00:00:03 ; elapsed = 00:00:01 . Memory (MB): peak = 2916.879 ; gain = 39.043 ; free physical = 10687 ; free virtual = 17113

Phase 3.4 Pipeline Register Optimization
Phase 3.4 Pipeline Register Optimization | Checksum: 18843bdb6

Time (s): cpu = 00:00:03 ; elapsed = 00:00:01 . Memory (MB): peak = 2916.879 ; gain = 39.043 ; free physical = 10687 ; free virtual = 17113

Phase 3.5 Fast Optimization
Phase 3.5 Fast Optimization | Checksum: 1a827ec19

Time (s): cpu = 00:00:03 ; elapsed = 00:00:01 . Memory (MB): peak = 2916.879 ; gain = 39.043 ; free physical = 10683 ; free virtual = 17108

Phase 3.6 Small Shape Detail Placement
Phase 3.6 Small Shape Detail Placement | Checksum: 1ce7f67fc

Time (s): cpu = 00:00:04 ; elapsed = 00:00:02 . Memory (MB): peak = 2916.879 ; gain = 39.043 ; free physical = 10682 ; free virtual = 17108

Phase 3.7 Re-assign LUT pins
Phase 3.7 Re-assign LUT pins | Checksum: 26ccf2d36

Time (s): cpu = 00:00:04 ; elapsed = 00:00:02 . Memory (MB): peak = 2916.879 ; gain = 39.043 ; free physical = 10682 ; free virtual = 17108

Phase 3.8 Pipeline Register Optimization
Phase 3.8 Pipeline Register Optimization | Checksum: 2056c72b8

Time (s): cpu = 00:00:04 ; elapsed = 00:00:02 . Memory (MB): peak = 2916.879 ; gain = 39.043 ; free physical = 10682 ; free virtual = 17108

Phase 3.9 Fast Optimization
Phase 3.9 Fast Optimization | Checksum: 23e1b9375

Time (s): cpu = 00:00:04 ; elapsed = 00:00:02 . Memory (MB): peak = 2916.879 ; gain = 39.043 ; free physical = 10681 ; free virtual = 17107
Phase 3 Detail Placement | Checksum: 23e1b9375

Time (s): cpu = 00:00:04 ; elapsed = 00:00:02 . Memory (MB): peak = 2916.879 ; gain = 39.043 ; free physical = 10681 ; free virtual = 17107

Phase 4 Post Placement Optimization and Clean-Up

Phase 4.1 Post Commit Optimization
INFO: [Timing 38-35] Done setting XDC timing constraints.

Phase 4.1.1 Post Placement Optimization
Post Placement Optimization Initialization | Checksum: 29e6ce817

Phase 4.1.1.1 BUFG Insertion

Starting Physical Synthesis Task

Phase 1 Physical Synthesis Initialization
INFO: [Physopt 32-721] Multithreading enabled for phys_opt_design using a maximum of 8 CPUs
INFO: [Physopt 32-619] Estimated Timing Summary | WNS=-2.471 | TNS=-2.471 |
Phase 1 Physical Synthesis Initialization | Checksum: 1e3ce318e

Time (s): cpu = 00:00:00.04 ; elapsed = 00:00:00.01 . Memory (MB): peak = 2916.879 ; gain = 0.000 ; free physical = 10681 ; free virtual = 17107
INFO: [Place 46-56] BUFG insertion identified 0 candidate nets. Inserted BUFG: 0, Replicated BUFG Driver: 0, Skipped due to Placement/Routing Conflicts: 0, Skipped due to Timing Degradation: 0, Skipped due to netlist editing failed: 0.
Ending Physical Synthesis Task | Checksum: 1e6c1a7f1

Time (s): cpu = 00:00:00.04 ; elapsed = 00:00:00.01 . Memory (MB): peak = 2916.879 ; gain = 0.000 ; free physical = 10681 ; free virtual = 17107
Phase 4.1.1.1 BUFG Insertion | Checksum: 29e6ce817

Time (s): cpu = 00:00:04 ; elapsed = 00:00:02 . Memory (MB): peak = 2916.879 ; gain = 39.043 ; free physical = 10681 ; free virtual = 17107

Phase 4.1.1.2 Post Placement Timing Optimization
INFO: [Place 30-746] Post Placement Timing Summary WNS=-2.298. For the most accurate timing information please run report_timing.
Phase 4.1.1.2 Post Placement Timing Optimization | Checksum: 1dcd45243

Time (s): cpu = 00:00:12 ; elapsed = 00:00:09 . Memory (MB): peak = 2916.879 ; gain = 39.043 ; free physical = 10681 ; free virtual = 17107

Time (s): cpu = 00:00:12 ; elapsed = 00:00:09 . Memory (MB): peak = 2916.879 ; gain = 39.043 ; free physical = 10681 ; free virtual = 17107
Phase 4.1 Post Commit Optimization | Checksum: 1dcd45243

Time (s): cpu = 00:00:12 ; elapsed = 00:00:09 . Memory (MB): peak = 2916.879 ; gain = 39.043 ; free physical = 10681 ; free virtual = 17107

Phase 4.2 Post Placement Cleanup
Phase 4.2 Post Placement Cleanup | Checksum: 1dcd45243

Time (s): cpu = 00:00:12 ; elapsed = 00:00:09 . Memory (MB): peak = 2916.879 ; gain = 39.043 ; free physical = 10681 ; free virtual = 17107

Phase 4.3 Placer Reporting

Phase 4.3.1 Print Estimated Congestion
INFO: [Place 30-612] Post-Placement Estimated Congestion 
 ____________________________________________________
|           | Global Congestion | Short Congestion  |
| Direction | Region Size       | Region Size       |
|___________|___________________|___________________|
|      North|                1x1|                1x1|
|___________|___________________|___________________|
|      South|                1x1|                1x1|
|___________|___________________|___________________|
|       East|                1x1|                1x1|
|___________|___________________|___________________|
|       West|                1x1|                1x1|
|___________|___________________|___________________|

Phase 4.3.1 Print Estimated Congestion | Checksum: 1dcd45243

Time (s): cpu = 00:00:12 ; elapsed = 00:00:09 . Memory (MB): peak = 2916.879 ; gain = 39.043 ; free physical = 10681 ; free virtual = 17107
Phase 4.3 Placer Reporting | Checksum: 1dcd45243

Time (s): cpu = 00:00:12 ; elapsed = 00:00:09 . Memory (MB): peak = 2916.879 ; gain = 39.043 ; free physical = 10681 ; free virtual = 17107

Phase 4.4 Final Placement Cleanup
Netlist sorting complete. Time (s): cpu = 00:00:00 ; elapsed = 00:00:00 . Memory (MB): peak = 2916.879 ; gain = 0.000 ; free physical = 10681 ; free virtual = 17107

Time (s): cpu = 00:00:12 ; elapsed = 00:00:09 . Memory (MB): peak = 2916.879 ; gain = 39.043 ; free physical = 10681 ; free virtual = 17107
Phase 4 Post Placement Optimization and Clean-Up | Checksum: 1bdca40f7

Time (s): cpu = 00:00:12 ; elapsed = 00:00:09 . Memory (MB): peak = 2916.879 ; gain = 39.043 ; free physical = 10681 ; free virtual = 17107
Ending Placer Task | Checksum: 1b4887d42

Time (s): cpu = 00:00:12 ; elapsed = 00:00:09 . Memory (MB): peak = 2916.879 ; gain = 39.043 ; free physical = 10681 ; free virtual = 17107
37 Infos, 2 Warnings, 0 Critical Warnings and 0 Errors encountered.
place_design completed successfully
place_design: Time (s): cpu = 00:00:13 ; elapsed = 00:00:10 . Memory (MB): peak = 2916.879 ; gain = 39.043 ; free physical = 10681 ; free virtual = 17107
# route_design
Command: route_design
Attempting to get a license for feature 'Implementation' and/or device 'xc7a100t'
INFO: [Common 17-349] Got license for feature 'Implementation' and/or device 'xc7a100t'


Starting Routing Task
INFO: [Route 35-254] Multithreading enabled for route_design using a maximum of 8 CPUs

Phase 1 Build RT Design
Checksum: PlaceDB: 830a77c2 ConstDB: 0 ShapeSum: 7faba5ea RouteDB: b1d25f96
WARNING: [Route 35-197] Clock port "clk" does not have an associated HD.CLK_SRC. Without this constraint, timing analysis may not be accurate and upstream checks cannot be done to ensure correct clock placement.
WARNING: [Route 35-198] Port "s_tdata[2]" does not have an associated HD.PARTPIN_LOCS, which will prevent the partial routing of the signal "s_tdata[2]". Without this partial route, timing analysis to/from this port will not be accurate, and no routing information for this port can be exported.
WARNING: [Route 35-198] Port "s_tdata[1]" does not have an associated HD.PARTPIN_LOCS, which will prevent the partial routing of the signal "s_tdata[1]". Without this partial route, timing analysis to/from this port will not be accurate, and no routing information for this port can be exported.
WARNING: [Route 35-198] Port "s_tdata[0]" does not have an associated HD.PARTPIN_LOCS, which will prevent the partial routing of the signal "s_tdata[0]". Without this partial route, timing analysis to/from this port will not be accurate, and no routing information for this port can be exported.
WARNING: [Route 35-198] Port "s_tdata[7]" does not have an associated HD.PARTPIN_LOCS, which will prevent the partial routing of the signal "s_tdata[7]". Without this partial route, timing analysis to/from this port will not be accurate, and no routing information for this port can be exported.
WARNING: [Route 35-198] Port "s_tdata[6]" does not have an associated HD.PARTPIN_LOCS, which will prevent the partial routing of the signal "s_tdata[6]". Without this partial route, timing analysis to/from this port will not be accurate, and no routing information for this port can be exported.
WARNING: [Route 35-198] Port "s_tdata[5]" does not have an associated HD.PARTPIN_LOCS, which will prevent the partial routing of the signal "s_tdata[5]". Without this partial route, timing analysis to/from this port will not be accurate, and no routing information for this port can be exported.
WARNING: [Route 35-198] Port "s_tdata[4]" does not have an associated HD.PARTPIN_LOCS, which will prevent the partial routing of the signal "s_tdata[4]". Without this partial route, timing analysis to/from this port will not be accurate, and no routing information for this port can be exported.
WARNING: [Route 35-198] Port "s_tdata[3]" does not have an associated HD.PARTPIN_LOCS, which will prevent the partial routing of the signal "s_tdata[3]". Without this partial route, timing analysis to/from this port will not be accurate, and no routing information for this port can be exported.
WARNING: [Route 35-198] Port "s_tvalid" does not have an associated HD.PARTPIN_LOCS, which will prevent the partial routing of the signal "s_tvalid". Without this partial route, timing analysis to/from this port will not be accurate, and no routing information for this port can be exported.
WARNING: [Route 35-198] Port "m_tready" does not have an associated HD.PARTPIN_LOCS, which will prevent the partial routing of the signal "m_tready". Without this partial route, timing analysis to/from this port will not be accurate, and no routing information for this port can be exported.
WARNING: [Route 35-198] Port "s_tlast" does not have an associated HD.PARTPIN_LOCS, which will prevent the partial routing of the signal "s_tlast". Without this partial route, timing analysis to/from this port will not be accurate, and no routing information for this port can be exported.
WARNING: [Route 35-198] Port "rst_n" does not have an associated HD.PARTPIN_LOCS, which will prevent the partial routing of the signal "rst_n". Without this partial route, timing analysis to/from this port will not be accurate, and no routing information for this port can be exported.
WARNING: [Constraints 18-8777] Unable to split tiles. All required files are not available.
Post Restoration Checksum: NetGraph: a5dfbe6d | NumContArr: 7f136f29 | Constraints: c2a8fa9d | Timing: c2a8fa9d
Phase 1 Build RT Design | Checksum: 2aa4522d0

Time (s): cpu = 00:00:18 ; elapsed = 00:00:15 . Memory (MB): peak = 2916.879 ; gain = 0.000 ; free physical = 10677 ; free virtual = 17104

Phase 2 Router Initialization

Phase 2.1 Fix Topology Constraints
Phase 2.1 Fix Topology Constraints | Checksum: 2aa4522d0

Time (s): cpu = 00:00:18 ; elapsed = 00:00:15 . Memory (MB): peak = 2916.879 ; gain = 0.000 ; free physical = 10677 ; free virtual = 17104

Phase 2.2 Pre Route Cleanup
Phase 2.2 Pre Route Cleanup | Checksum: 2aa4522d0

Time (s): cpu = 00:00:18 ; elapsed = 00:00:15 . Memory (MB): peak = 2916.879 ; gain = 0.000 ; free physical = 10676 ; free virtual = 17104
 Number of Nodes with overlaps = 0

Phase 2.3 Update Timing
Phase 2.3 Update Timing | Checksum: 2c62b9f54

Time (s): cpu = 00:00:18 ; elapsed = 00:00:16 . Memory (MB): peak = 2916.879 ; gain = 0.000 ; free physical = 10650 ; free virtual = 17077
INFO: [Route 35-416] Intermediate Timing Summary | WNS=-2.557 | TNS=-2.557 | WHS=0.136  | THS=0.000  |


Router Utilization Summary
  Global Vertical Routing Utilization    = 0 %
  Global Horizontal Routing Utilization  = 0 %
  Routable Net Status*
  *Does not include unroutable nets such as driverless and loadless.
  Run report_route_status for detailed report.
  Number of Failed Nets               = 247
    (Failed Nets is the sum of unrouted and partially routed nets)
  Number of Unrouted Nets             = 247
  Number of Partially Routed Nets     = 0
  Number of Node Overlaps             = 0

Phase 2 Router Initialization | Checksum: 286f384d9

Time (s): cpu = 00:00:19 ; elapsed = 00:00:16 . Memory (MB): peak = 2916.879 ; gain = 0.000 ; free physical = 10650 ; free virtual = 17077

Phase 3 Global Routing
Phase 3 Global Routing | Checksum: 286f384d9

Time (s): cpu = 00:00:19 ; elapsed = 00:00:16 . Memory (MB): peak = 2916.879 ; gain = 0.000 ; free physical = 10650 ; free virtual = 17077

Phase 4 Initial Routing

Phase 4.1 Initial Net Routing Pass
Phase 4.1 Initial Net Routing Pass | Checksum: 25a1d8825

Time (s): cpu = 00:00:19 ; elapsed = 00:00:16 . Memory (MB): peak = 2916.879 ; gain = 0.000 ; free physical = 10649 ; free virtual = 17077
Phase 4 Initial Routing | Checksum: 25a1d8825

Time (s): cpu = 00:00:19 ; elapsed = 00:00:16 . Memory (MB): peak = 2916.879 ; gain = 0.000 ; free physical = 10649 ; free virtual = 17077

Phase 5 Rip-up And Reroute

Phase 5.1 Global Iteration 0
 Number of Nodes with overlaps = 27
 Number of Nodes with overlaps = 4
 Number of Nodes with overlaps = 3
 Number of Nodes with overlaps = 2
 Number of Nodes with overlaps = 1
 Number of Nodes with overlaps = 0
INFO: [Route 35-416] Intermediate Timing Summary | WNS=-2.295 | TNS=-18.667| WHS=N/A    | THS=N/A    |

Phase 5.1 Global Iteration 0 | Checksum: 17760ab4a

Time (s): cpu = 00:00:19 ; elapsed = 00:00:16 . Memory (MB): peak = 2916.879 ; gain = 0.000 ; free physical = 10649 ; free virtual = 17077

Phase 5.2 Global Iteration 1
 Number of Nodes with overlaps = 15
 Number of Nodes with overlaps = 12
 Number of Nodes with overlaps = 6
 Number of Nodes with overlaps = 3
 Number of Nodes with overlaps = 3
 Number of Nodes with overlaps = 2
 Number of Nodes with overlaps = 2
 Number of Nodes with overlaps = 0
INFO: [Route 35-416] Intermediate Timing Summary | WNS=-2.402 | TNS=-4.362 | WHS=N/A    | THS=N/A    |

Phase 5.2 Global Iteration 1 | Checksum: 26ca0bb87

Time (s): cpu = 00:00:20 ; elapsed = 00:00:16 . Memory (MB): peak = 2916.879 ; gain = 0.000 ; free physical = 10649 ; free virtual = 17077
Phase 5 Rip-up And Reroute | Checksum: 26ca0bb87

Time (s): cpu = 00:00:20 ; elapsed = 00:00:16 . Memory (MB): peak = 2916.879 ; gain = 0.000 ; free physical = 10649 ; free virtual = 17077

Phase 6 Delay and Skew Optimization

Phase 6.1 Delay CleanUp

Phase 6.1.1 Update Timing
Phase 6.1.1 Update Timing | Checksum: 26ca0bb87

Time (s): cpu = 00:00:20 ; elapsed = 00:00:16 . Memory (MB): peak = 2916.879 ; gain = 0.000 ; free physical = 10649 ; free virtual = 17077
INFO: [Route 35-416] Intermediate Timing Summary | WNS=-2.295 | TNS=-18.667| WHS=N/A    | THS=N/A    |

 Number of Nodes with overlaps = 0
Phase 6.1 Delay CleanUp | Checksum: 2833c6917

Time (s): cpu = 00:00:20 ; elapsed = 00:00:16 . Memory (MB): peak = 2916.879 ; gain = 0.000 ; free physical = 10649 ; free virtual = 17077

Phase 6.2 Clock Skew Optimization
Phase 6.2 Clock Skew Optimization | Checksum: 2833c6917

Time (s): cpu = 00:00:20 ; elapsed = 00:00:16 . Memory (MB): peak = 2916.879 ; gain = 0.000 ; free physical = 10649 ; free virtual = 17077
Phase 6 Delay and Skew Optimization | Checksum: 2833c6917

Time (s): cpu = 00:00:20 ; elapsed = 00:00:16 . Memory (MB): peak = 2916.879 ; gain = 0.000 ; free physical = 10649 ; free virtual = 17077

Phase 7 Post Hold Fix

Phase 7.1 Hold Fix Iter
INFO: [Route 35-416] Intermediate Timing Summary | WNS=-2.295 | TNS=-3.000 | WHS=0.157  | THS=0.000  |

Phase 7.1 Hold Fix Iter | Checksum: 225293634

Time (s): cpu = 00:00:20 ; elapsed = 00:00:16 . Memory (MB): peak = 2916.879 ; gain = 0.000 ; free physical = 10649 ; free virtual = 17077
Phase 7 Post Hold Fix | Checksum: 225293634

Time (s): cpu = 00:00:20 ; elapsed = 00:00:16 . Memory (MB): peak = 2916.879 ; gain = 0.000 ; free physical = 10649 ; free virtual = 17077

Phase 8 Route finalize

Router Utilization Summary
  Global Vertical Routing Utilization    = 0.0174087 %
  Global Horizontal Routing Utilization  = 0.0194658 %
  Routable Net Status*
  *Does not include unroutable nets such as driverless and loadless.
  Run report_route_status for detailed report.
  Number of Failed Nets               = 0
    (Failed Nets is the sum of unrouted and partially routed nets)
  Number of Unrouted Nets             = 0
  Number of Partially Routed Nets     = 0
  Number of Node Overlaps             = 0


--GLOBAL Congestion:
Utilization threshold used for congestion level computation: 0.85
Congestion Report
North Dir 1x1 Area, Max Cong = 18.9189%, No Congested Regions.
South Dir 1x1 Area, Max Cong = 16.2162%, No Congested Regions.
East Dir 1x1 Area, Max Cong = 16.1765%, No Congested Regions.
West Dir 1x1 Area, Max Cong = 23.5294%, No Congested Regions.

------------------------------
Reporting congestion hotspots
------------------------------
Direction: North
----------------
Congested clusters found at Level 0
Effective congestion level: 0 Aspect Ratio: 1 Sparse Ratio: 0
Direction: South
----------------
Congested clusters found at Level 0
Effective congestion level: 0 Aspect Ratio: 1 Sparse Ratio: 0
Direction: East
----------------
Congested clusters found at Level 0
Effective congestion level: 0 Aspect Ratio: 1 Sparse Ratio: 0
Direction: West
----------------
Congested clusters found at Level 0
Effective congestion level: 0 Aspect Ratio: 1 Sparse Ratio: 0

Phase 8 Route finalize | Checksum: 225293634

Time (s): cpu = 00:00:20 ; elapsed = 00:00:16 . Memory (MB): peak = 2916.879 ; gain = 0.000 ; free physical = 10649 ; free virtual = 17077

Phase 9 Verifying routed nets

 Verification completed successfully
Phase 9 Verifying routed nets | Checksum: 225293634

Time (s): cpu = 00:00:20 ; elapsed = 00:00:16 . Memory (MB): peak = 2916.879 ; gain = 0.000 ; free physical = 10649 ; free virtual = 17077

Phase 10 Depositing Routes
Phase 10 Depositing Routes | Checksum: 2255a780b

Time (s): cpu = 00:00:20 ; elapsed = 00:00:16 . Memory (MB): peak = 2916.879 ; gain = 0.000 ; free physical = 10649 ; free virtual = 17077

Phase 11 Post Process Routing
Phase 11 Post Process Routing | Checksum: 2255a780b

Time (s): cpu = 00:00:20 ; elapsed = 00:00:16 . Memory (MB): peak = 2916.879 ; gain = 0.000 ; free physical = 10649 ; free virtual = 17077

Phase 12 Post Router Timing
INFO: [Route 35-57] Estimated Timing Summary | WNS=-2.295 | TNS=-3.000 | WHS=0.157  | THS=0.000  |

WARNING: [Route 35-328] Router estimated timing not met.
Resolution: For a complete and accurate timing signoff, report_timing_summary must be run after route_design. Alternatively, route_design can be run with the -timing_summary option to enable a complete timing signoff at the end of route_design.
Phase 12 Post Router Timing | Checksum: 2255a780b

Time (s): cpu = 00:00:20 ; elapsed = 00:00:16 . Memory (MB): peak = 2916.879 ; gain = 0.000 ; free physical = 10649 ; free virtual = 17077
Total Elapsed time in route_design: 16.28 secs

Phase 13 Post-Route Event Processing
Phase 13 Post-Route Event Processing | Checksum: 2139e75fe

Time (s): cpu = 00:00:20 ; elapsed = 00:00:16 . Memory (MB): peak = 2916.879 ; gain = 0.000 ; free physical = 10649 ; free virtual = 17077
INFO: [Route 35-16] Router Completed Successfully
Ending Routing Task | Checksum: 2139e75fe

Time (s): cpu = 00:00:20 ; elapsed = 00:00:16 . Memory (MB): peak = 2916.879 ; gain = 0.000 ; free physical = 10649 ; free virtual = 17077

Routing Is Done.
INFO: [Common 17-83] Releasing license: Implementation
10 Infos, 15 Warnings, 0 Critical Warnings and 0 Errors encountered.
route_design completed successfully
route_design: Time (s): cpu = 00:00:20 ; elapsed = 00:00:16 . Memory (MB): peak = 2916.879 ; gain = 0.000 ; free physical = 10649 ; free virtual = 17077
# report_utilization    -file $here/../docs/utilization.rpt
# report_timing_summary -file $here/../docs/timing.rpt
INFO: [Timing 38-91] UpdateTimingParams: Speed grade: -1, Delay Type: min_max.
INFO: [Timing 38-191] Multithreading enabled for timing update using a maximum of 8 CPUs
WARNING: [Timing 38-242] The property HD.CLK_SRC of clock port "clk" is not set. In out-of-context mode, this prevents timing estimation for clock delay/skew
Resolution: Set the HD.CLK_SRC property of the out-of-context port to the location of the clock buffer instance in the top-level design
# puts "=== timing headline (read WNS below) ==="
=== timing headline (read WNS below) ===
# report_timing_summary -no_header -no_detailed_paths
INFO: [Timing 38-91] UpdateTimingParams: Speed grade: -1, Delay Type: min_max.
INFO: [Timing 38-191] Multithreading enabled for timing update using a maximum of 8 CPUs
------------------------------------------------------------------------------------------------
| Timer Settings
| --------------
------------------------------------------------------------------------------------------------

  Enable Multi Corner Analysis               :  Yes
  Enable Pessimism Removal                   :  Yes
  Pessimism Removal Resolution               :  Nearest Common Node
  Enable Input Delay Default Clock           :  No
  Enable Preset / Clear Arcs                 :  No
  Disable Flight Delays                      :  No
  Ignore I/O Paths                           :  No
  Timing Early Launch at Borrowing Latches   :  No
  Borrow Time for Max Delay Exceptions       :  Yes
  Merge Timing Exceptions                    :  Yes
  Inter-SLR Compensation                     :  Conservative

  Corner  Analyze    Analyze    
  Name    Max Paths  Min Paths  
  ------  ---------  ---------  
  Slow    Yes        Yes        
  Fast    Yes        Yes        


------------------------------------------------------------------------------------------------
| Report Methodology
| ------------------
------------------------------------------------------------------------------------------------

No report available as report_methodology has not been run prior. Run report_methodology on the current design for the summary of methodology violations.



check_timing report

Table of Contents
-----------------
1. checking no_clock (0)
2. checking constant_clock (0)
3. checking pulse_width_clock (0)
4. checking unconstrained_internal_endpoints (0)
5. checking no_input_delay (12)
6. checking no_output_delay (2)
7. checking multiple_clock (0)
8. checking generated_clocks (0)
9. checking loops (0)
10. checking partial_input_delay (0)
11. checking partial_output_delay (0)
12. checking latch_loops (0)

1. checking no_clock (0)
------------------------
 There are 0 register/latch pins with no clock.


2. checking constant_clock (0)
------------------------------
 There are 0 register/latch pins with constant_clock.


3. checking pulse_width_clock (0)
---------------------------------
 There are 0 register/latch pins which need pulse_width check


4. checking unconstrained_internal_endpoints (0)
------------------------------------------------
 There are 0 pins that are not constrained for maximum delay.

 There are 0 pins that are not constrained for maximum delay due to constant clock.


5. checking no_input_delay (12)
-------------------------------
 There are 12 input ports with no input delay specified. (HIGH)

 There are 0 input ports with no input delay but user has a false path constraint.


6. checking no_output_delay (2)
-------------------------------
 There are 2 ports with no output delay specified. (HIGH)

 There are 0 ports with no output delay but user has a false path constraint

 There are 0 ports with no output delay but with a timing clock defined on it or propagating through it


7. checking multiple_clock (0)
------------------------------
 There are 0 register/latch pins with multiple clocks.


8. checking generated_clocks (0)
--------------------------------
 There are 0 generated clocks that are not connected to a clock source.


9. checking loops (0)
---------------------
 There are 0 combinational loops in the design.


10. checking partial_input_delay (0)
------------------------------------
 There are 0 input ports with partial input delay specified.


11. checking partial_output_delay (0)
-------------------------------------
 There are 0 ports with partial output delay specified.


12. checking latch_loops (0)
----------------------------
 There are 0 combinational latch loops in the design through latch input



------------------------------------------------------------------------------------------------
| Design Timing Summary
| ---------------------
------------------------------------------------------------------------------------------------

    WNS(ns)      TNS(ns)  TNS Failing Endpoints  TNS Total Endpoints      WHS(ns)      THS(ns)  THS Failing Endpoints  THS Total Endpoints     WPWS(ns)     TPWS(ns)  TPWS Failing Endpoints  TPWS Total Endpoints  
    -------      -------  ---------------------  -------------------      -------      -------  ---------------------  -------------------     --------     --------  ----------------------  --------------------  
     -2.292       -2.906                      9                  201        0.157        0.000                      0                  201        1.500        0.000                       0                   115  


Timing constraints are not met.


------------------------------------------------------------------------------------------------
| Clock Summary
| -------------
------------------------------------------------------------------------------------------------

Clock  Waveform(ns)         Period(ns)      Frequency(MHz)
-----  ------------         ----------      --------------
clk    {0.000 2.000}        4.000           250.000         


------------------------------------------------------------------------------------------------
| Intra Clock Table
| -----------------
------------------------------------------------------------------------------------------------

Clock             WNS(ns)      TNS(ns)  TNS Failing Endpoints  TNS Total Endpoints      WHS(ns)      THS(ns)  THS Failing Endpoints  THS Total Endpoints     WPWS(ns)     TPWS(ns)  TPWS Failing Endpoints  TPWS Total Endpoints  
-----             -------      -------  ---------------------  -------------------      -------      -------  ---------------------  -------------------     --------     --------  ----------------------  --------------------  
clk                -2.292       -2.906                      9                  201        0.157        0.000                      0                  201        1.500        0.000                       0                   115  


------------------------------------------------------------------------------------------------
| Inter Clock Table
| -----------------
------------------------------------------------------------------------------------------------

From Clock    To Clock          WNS(ns)      TNS(ns)  TNS Failing Endpoints  TNS Total Endpoints      WHS(ns)      THS(ns)  THS Failing Endpoints  THS Total Endpoints  
----------    --------          -------      -------  ---------------------  -------------------      -------      -------  ---------------------  -------------------  


------------------------------------------------------------------------------------------------
| Other Path Groups Table
| -----------------------
------------------------------------------------------------------------------------------------

Path Group    From Clock    To Clock          WNS(ns)      TNS(ns)  TNS Failing Endpoints  TNS Total Endpoints      WHS(ns)      THS(ns)  THS Failing Endpoints  THS Total Endpoints  
----------    ----------    --------          -------      -------  ---------------------  -------------------      -------      -------  ---------------------  -------------------  


INFO: [Common 17-206] Exiting Vivado at Fri Jul  3 15:58:32 2026...
