#-----------------------------------------------------------
# Vivado v2024.2 (64-bit)
# SW Build 5239630 on Fri Nov 08 22:34:34 MST 2024
# IP Build 5239520 on Sun Nov 10 16:12:51 MST 2024
# SharedData Build 5239561 on Fri Nov 08 14:39:27 MST 2024
# Start of session at: Fri Jul  3 16:25:33 2026
# Process ID         : 45567
# Current directory  : /home/user/InternEric/projects/fpga-net-parser
# Command line       : vivado -mode batch -source synth/program.tcl
# Log file           : /home/user/InternEric/projects/fpga-net-parser/vivado.log
# Journal file       : /home/user/InternEric/projects/fpga-net-parser/vivado.jou
# Running On         : xilinxtemplatetsg
# Platform           : Ubuntu
# Operating System   : Ubuntu 22.04.4 LTS
# Processor Detail   : QEMU Virtual CPU version 2.5+
# CPU Frequency      : 2694.936 MHz
# CPU Physical cores : 8
# CPU Logical cores  : 8
# Host memory        : 16565 MB
# Swap memory        : 4294 MB
# Total Virtual      : 20860 MB
# Available Virtual  : 19614 MB
#-----------------------------------------------------------
source synth/program.tcl
# set here [file dirname [info script]]
# read_verilog -sv [glob $here/../rtl/*.sv]
# read_xdc $here/arty_a7.xdc
# synth_design -top fpga_top -part xc7a100tcsg324-1
Command: synth_design -top fpga_top -part xc7a100tcsg324-1
Starting synth_design
Attempting to get a license for feature 'Synthesis' and/or device 'xc7a100t'
INFO: [Common 17-349] Got license for feature 'Synthesis' and/or device 'xc7a100t'
INFO: [Device 21-403] Loading part xc7a100tcsg324-1
INFO: [Synth 8-7079] Multithreading enabled for synth_design using a maximum of 7 processes.
INFO: [Synth 8-7078] Launching helper process for spawning children vivado processes
INFO: [Synth 8-7075] Helper process launched with PID 45581
---------------------------------------------------------------------------------
Starting RTL Elaboration : Time (s): cpu = 00:00:03 ; elapsed = 00:00:03 . Memory (MB): peak = 1851.086 ; gain = 417.770 ; free physical = 11318 ; free virtual = 17758
---------------------------------------------------------------------------------
INFO: [Synth 8-6157] synthesizing module 'fpga_top' [/home/user/InternEric/projects/fpga-net-parser/rtl/fpga_top.sv:8]
INFO: [Synth 8-6157] synthesizing module 'parser_top' [/home/user/InternEric/projects/fpga-net-parser/rtl/parser_top.sv:1]
INFO: [Synth 8-6157] synthesizing module 'eth_parser' [/home/user/InternEric/projects/fpga-net-parser/rtl/eth_parser.sv:1]
	Parameter MY_MAC bound to: 48'b000000100000000000000000000000000000000000000001 
INFO: [Synth 8-6155] done synthesizing module 'eth_parser' (0#1) [/home/user/InternEric/projects/fpga-net-parser/rtl/eth_parser.sv:1]
INFO: [Synth 8-6157] synthesizing module 'ipv4_parser' [/home/user/InternEric/projects/fpga-net-parser/rtl/ipv4_parser.sv:1]
INFO: [Synth 8-6155] done synthesizing module 'ipv4_parser' (0#1) [/home/user/InternEric/projects/fpga-net-parser/rtl/ipv4_parser.sv:1]
INFO: [Synth 8-6157] synthesizing module 'udp_parser' [/home/user/InternEric/projects/fpga-net-parser/rtl/udp_parser.sv:1]
	Parameter LISTEN_PORT bound to: 16'b0011011111100110 
INFO: [Synth 8-6155] done synthesizing module 'udp_parser' (0#1) [/home/user/InternEric/projects/fpga-net-parser/rtl/udp_parser.sv:1]
INFO: [Synth 8-6157] synthesizing module 'l1_trigger' [/home/user/InternEric/projects/fpga-net-parser/rtl/l1_trigger.sv:1]
	Parameter LATENCY bound to: 4 - type: integer 
INFO: [Synth 8-6155] done synthesizing module 'l1_trigger' (0#1) [/home/user/InternEric/projects/fpga-net-parser/rtl/l1_trigger.sv:1]
INFO: [Synth 8-6155] done synthesizing module 'parser_top' (0#1) [/home/user/InternEric/projects/fpga-net-parser/rtl/parser_top.sv:1]
INFO: [Synth 8-6155] done synthesizing module 'fpga_top' (0#1) [/home/user/InternEric/projects/fpga-net-parser/rtl/fpga_top.sv:8]
WARNING: [Synth 8-3917] design fpga_top has port led[2] driven by constant 0
WARNING: [Synth 8-7129] Port sw[3] in module fpga_top is either unconnected or has no load
WARNING: [Synth 8-7129] Port sw[2] in module fpga_top is either unconnected or has no load
WARNING: [Synth 8-7129] Port sw[1] in module fpga_top is either unconnected or has no load
WARNING: [Synth 8-7129] Port btn[3] in module fpga_top is either unconnected or has no load
WARNING: [Synth 8-7129] Port btn[2] in module fpga_top is either unconnected or has no load
WARNING: [Synth 8-7129] Port btn[1] in module fpga_top is either unconnected or has no load
---------------------------------------------------------------------------------
Finished RTL Elaboration : Time (s): cpu = 00:00:04 ; elapsed = 00:00:04 . Memory (MB): peak = 1925.055 ; gain = 491.738 ; free physical = 11222 ; free virtual = 17663
---------------------------------------------------------------------------------
---------------------------------------------------------------------------------
Start Handling Custom Attributes
---------------------------------------------------------------------------------
---------------------------------------------------------------------------------
Finished Handling Custom Attributes : Time (s): cpu = 00:00:04 ; elapsed = 00:00:04 . Memory (MB): peak = 1942.867 ; gain = 509.551 ; free physical = 11221 ; free virtual = 17662
---------------------------------------------------------------------------------
---------------------------------------------------------------------------------
Finished RTL Optimization Phase 1 : Time (s): cpu = 00:00:04 ; elapsed = 00:00:04 . Memory (MB): peak = 1942.867 ; gain = 509.551 ; free physical = 11221 ; free virtual = 17662
---------------------------------------------------------------------------------
Netlist sorting complete. Time (s): cpu = 00:00:00.01 ; elapsed = 00:00:00 . Memory (MB): peak = 1942.867 ; gain = 0.000 ; free physical = 11221 ; free virtual = 17662
INFO: [Project 1-570] Preparing netlist for logic optimization

Processing XDC Constraints
Initializing timing engine
Parsing XDC File [/home/user/InternEric/projects/fpga-net-parser/synth/arty_a7.xdc]
Finished Parsing XDC File [/home/user/InternEric/projects/fpga-net-parser/synth/arty_a7.xdc]
INFO: [Project 1-236] Implementation specific constraints were found while reading constraint file [/home/user/InternEric/projects/fpga-net-parser/synth/arty_a7.xdc]. These constraints will be ignored for synthesis but will be used in implementation. Impacted constraints are listed in the file [.Xil/fpga_top_propImpl.xdc].
Resolution: To avoid this warning, move constraints listed in [.Xil/fpga_top_propImpl.xdc] to another XDC file and exclude this new file from synthesis with the used_in_synthesis property (File Properties dialog in GUI) and re-run elaboration/synthesis.
Completed Processing XDC Constraints

Netlist sorting complete. Time (s): cpu = 00:00:00 ; elapsed = 00:00:00 . Memory (MB): peak = 2092.648 ; gain = 0.000 ; free physical = 11199 ; free virtual = 17640
INFO: [Project 1-111] Unisim Transformation Summary:
No Unisim elements were transformed.

Constraint Validation Runtime : Time (s): cpu = 00:00:00 ; elapsed = 00:00:00 . Memory (MB): peak = 2092.648 ; gain = 0.000 ; free physical = 11199 ; free virtual = 17640
---------------------------------------------------------------------------------
Finished Constraint Validation : Time (s): cpu = 00:00:09 ; elapsed = 00:00:09 . Memory (MB): peak = 2092.648 ; gain = 659.332 ; free physical = 11197 ; free virtual = 17638
---------------------------------------------------------------------------------
---------------------------------------------------------------------------------
Start Loading Part and Timing Information
---------------------------------------------------------------------------------
Loading part: xc7a100tcsg324-1
---------------------------------------------------------------------------------
Finished Loading Part and Timing Information : Time (s): cpu = 00:00:09 ; elapsed = 00:00:09 . Memory (MB): peak = 2100.652 ; gain = 667.336 ; free physical = 11197 ; free virtual = 17638
---------------------------------------------------------------------------------
---------------------------------------------------------------------------------
Start Applying 'set_property' XDC Constraints
---------------------------------------------------------------------------------
---------------------------------------------------------------------------------
Finished applying 'set_property' XDC Constraints : Time (s): cpu = 00:00:09 ; elapsed = 00:00:09 . Memory (MB): peak = 2100.652 ; gain = 667.336 ; free physical = 11197 ; free virtual = 17638
---------------------------------------------------------------------------------
---------------------------------------------------------------------------------
Finished RTL Optimization Phase 2 : Time (s): cpu = 00:00:09 ; elapsed = 00:00:09 . Memory (MB): peak = 2100.652 ; gain = 667.336 ; free physical = 11195 ; free virtual = 17638
---------------------------------------------------------------------------------
---------------------------------------------------------------------------------
Start RTL Component Statistics 
---------------------------------------------------------------------------------
Detailed RTL Component Info : 
+---Adders : 
	   2 Input   17 Bit       Adders := 1     
	   2 Input   16 Bit       Adders := 1     
	   2 Input    8 Bit       Adders := 1     
	   2 Input    6 Bit       Adders := 3     
	   2 Input    4 Bit       Adders := 1     
+---Registers : 
	               32 Bit    Registers := 2     
	               17 Bit    Registers := 1     
	               16 Bit    Registers := 6     
	                8 Bit    Registers := 1     
	                6 Bit    Registers := 3     
	                4 Bit    Registers := 1     
	                3 Bit    Registers := 2     
	                1 Bit    Registers := 12    
+---Muxes : 
	   2 Input   32 Bit        Muxes := 1     
	   2 Input   16 Bit        Muxes := 9     
	   2 Input    8 Bit        Muxes := 10    
	   2 Input    2 Bit        Muxes := 1     
	   6 Input    2 Bit        Muxes := 1     
	   2 Input    1 Bit        Muxes := 26    
	   3 Input    1 Bit        Muxes := 1     
---------------------------------------------------------------------------------
Finished RTL Component Statistics 
---------------------------------------------------------------------------------
---------------------------------------------------------------------------------
Start Part Resource Summary
---------------------------------------------------------------------------------
Part Resources:
DSPs: 240 (col length:80)
BRAMs: 270 (col length: RAMB18 80 RAMB36 40)
---------------------------------------------------------------------------------
Finished Part Resource Summary
---------------------------------------------------------------------------------
---------------------------------------------------------------------------------
Start Cross Boundary and Area Optimization
---------------------------------------------------------------------------------
WARNING: [Synth 8-7080] Parallel synthesis criteria is not met
WARNING: [Synth 8-3917] design fpga_top has port led[2] driven by constant 0
WARNING: [Synth 8-7129] Port sw[3] in module fpga_top is either unconnected or has no load
WARNING: [Synth 8-7129] Port sw[2] in module fpga_top is either unconnected or has no load
WARNING: [Synth 8-7129] Port sw[1] in module fpga_top is either unconnected or has no load
WARNING: [Synth 8-7129] Port btn[3] in module fpga_top is either unconnected or has no load
WARNING: [Synth 8-7129] Port btn[2] in module fpga_top is either unconnected or has no load
WARNING: [Synth 8-7129] Port btn[1] in module fpga_top is either unconnected or has no load
---------------------------------------------------------------------------------
Finished Cross Boundary and Area Optimization : Time (s): cpu = 00:00:11 ; elapsed = 00:00:11 . Memory (MB): peak = 2100.652 ; gain = 667.336 ; free physical = 11174 ; free virtual = 17620
---------------------------------------------------------------------------------
---------------------------------------------------------------------------------
Start Applying XDC Timing Constraints
---------------------------------------------------------------------------------
---------------------------------------------------------------------------------
Finished Applying XDC Timing Constraints : Time (s): cpu = 00:00:15 ; elapsed = 00:00:15 . Memory (MB): peak = 2120.652 ; gain = 687.336 ; free physical = 11095 ; free virtual = 17541
---------------------------------------------------------------------------------
---------------------------------------------------------------------------------
Start Timing Optimization
---------------------------------------------------------------------------------
---------------------------------------------------------------------------------
Finished Timing Optimization : Time (s): cpu = 00:00:15 ; elapsed = 00:00:15 . Memory (MB): peak = 2153.699 ; gain = 720.383 ; free physical = 11064 ; free virtual = 17510
---------------------------------------------------------------------------------
---------------------------------------------------------------------------------
Start Technology Mapping
---------------------------------------------------------------------------------
---------------------------------------------------------------------------------
Finished Technology Mapping : Time (s): cpu = 00:00:15 ; elapsed = 00:00:15 . Memory (MB): peak = 2161.707 ; gain = 728.391 ; free physical = 11055 ; free virtual = 17502
---------------------------------------------------------------------------------
---------------------------------------------------------------------------------
Start IO Insertion
---------------------------------------------------------------------------------
---------------------------------------------------------------------------------
Start Flattening Before IO Insertion
---------------------------------------------------------------------------------
---------------------------------------------------------------------------------
Finished Flattening Before IO Insertion
---------------------------------------------------------------------------------
---------------------------------------------------------------------------------
Start Final Netlist Cleanup
---------------------------------------------------------------------------------
---------------------------------------------------------------------------------
Finished Final Netlist Cleanup
---------------------------------------------------------------------------------
---------------------------------------------------------------------------------
Finished IO Insertion : Time (s): cpu = 00:00:17 ; elapsed = 00:00:18 . Memory (MB): peak = 2294.520 ; gain = 861.203 ; free physical = 10942 ; free virtual = 17389
---------------------------------------------------------------------------------
---------------------------------------------------------------------------------
Start Renaming Generated Instances
---------------------------------------------------------------------------------
---------------------------------------------------------------------------------
Finished Renaming Generated Instances : Time (s): cpu = 00:00:17 ; elapsed = 00:00:18 . Memory (MB): peak = 2294.520 ; gain = 861.203 ; free physical = 10942 ; free virtual = 17389
---------------------------------------------------------------------------------
---------------------------------------------------------------------------------
Start Rebuilding User Hierarchy
---------------------------------------------------------------------------------
---------------------------------------------------------------------------------
Finished Rebuilding User Hierarchy : Time (s): cpu = 00:00:17 ; elapsed = 00:00:18 . Memory (MB): peak = 2294.520 ; gain = 861.203 ; free physical = 10942 ; free virtual = 17389
---------------------------------------------------------------------------------
---------------------------------------------------------------------------------
Start Renaming Generated Ports
---------------------------------------------------------------------------------
---------------------------------------------------------------------------------
Finished Renaming Generated Ports : Time (s): cpu = 00:00:17 ; elapsed = 00:00:18 . Memory (MB): peak = 2294.520 ; gain = 861.203 ; free physical = 10942 ; free virtual = 17389
---------------------------------------------------------------------------------
---------------------------------------------------------------------------------
Start Handling Custom Attributes
---------------------------------------------------------------------------------
---------------------------------------------------------------------------------
Finished Handling Custom Attributes : Time (s): cpu = 00:00:17 ; elapsed = 00:00:18 . Memory (MB): peak = 2294.520 ; gain = 861.203 ; free physical = 10942 ; free virtual = 17389
---------------------------------------------------------------------------------
---------------------------------------------------------------------------------
Start Renaming Generated Nets
---------------------------------------------------------------------------------
---------------------------------------------------------------------------------
Finished Renaming Generated Nets : Time (s): cpu = 00:00:17 ; elapsed = 00:00:18 . Memory (MB): peak = 2294.520 ; gain = 861.203 ; free physical = 10942 ; free virtual = 17389
---------------------------------------------------------------------------------
---------------------------------------------------------------------------------
Start Writing Synthesis Report
---------------------------------------------------------------------------------

Report BlackBoxes: 
+-+--------------+----------+
| |BlackBox name |Instances |
+-+--------------+----------+
+-+--------------+----------+

Report Cell Usage: 
+------+-------+------+
|      |Cell   |Count |
+------+-------+------+
|1     |BUFG   |     1|
|2     |CARRY4 |    24|
|3     |LUT1   |     6|
|4     |LUT2   |    37|
|5     |LUT3   |    12|
|6     |LUT4   |    24|
|7     |LUT5   |    21|
|8     |LUT6   |    77|
|9     |FDRE   |   183|
|10    |IBUF   |     3|
|11    |OBUF   |     4|
+------+-------+------+
---------------------------------------------------------------------------------
Finished Writing Synthesis Report : Time (s): cpu = 00:00:17 ; elapsed = 00:00:18 . Memory (MB): peak = 2294.520 ; gain = 861.203 ; free physical = 10942 ; free virtual = 17389
---------------------------------------------------------------------------------
Synthesis finished with 0 errors, 0 critical warnings and 8 warnings.
Synthesis Optimization Runtime : Time (s): cpu = 00:00:16 ; elapsed = 00:00:16 . Memory (MB): peak = 2294.520 ; gain = 711.422 ; free physical = 10942 ; free virtual = 17389
Synthesis Optimization Complete : Time (s): cpu = 00:00:18 ; elapsed = 00:00:18 . Memory (MB): peak = 2294.527 ; gain = 861.203 ; free physical = 10942 ; free virtual = 17389
INFO: [Project 1-571] Translating synthesized netlist
Netlist sorting complete. Time (s): cpu = 00:00:00 ; elapsed = 00:00:00.01 . Memory (MB): peak = 2294.527 ; gain = 0.000 ; free physical = 11112 ; free virtual = 17559
INFO: [Netlist 29-17] Analyzing 24 Unisim elements for replacement
INFO: [Netlist 29-28] Unisim Transformation completed in 0 CPU seconds
INFO: [Project 1-570] Preparing netlist for logic optimization
Parsing XDC File [/home/user/InternEric/projects/fpga-net-parser/synth/arty_a7.xdc]
Finished Parsing XDC File [/home/user/InternEric/projects/fpga-net-parser/synth/arty_a7.xdc]
INFO: [Opt 31-138] Pushed 0 inverter(s) to 0 load pin(s).
Netlist sorting complete. Time (s): cpu = 00:00:00 ; elapsed = 00:00:00 . Memory (MB): peak = 2350.547 ; gain = 0.000 ; free physical = 11111 ; free virtual = 17558
INFO: [Project 1-111] Unisim Transformation Summary:
No Unisim elements were transformed.

Synth Design complete | Checksum: b7cb0916
INFO: [Common 17-83] Releasing license: Synthesis
27 Infos, 15 Warnings, 0 Critical Warnings and 0 Errors encountered.
synth_design completed successfully
synth_design: Time (s): cpu = 00:00:23 ; elapsed = 00:00:22 . Memory (MB): peak = 2350.547 ; gain = 917.238 ; free physical = 11111 ; free virtual = 17558
INFO: [Common 17-2834] synth_design peak Physical Memory [PSS] (MB): overall = 1523.237; main = 1523.237; forked = 280.732
INFO: [Common 17-2834] synth_design peak Virtual Memory [VSS] (MB): overall = 3008.754; main = 2350.551; forked = 908.098
# opt_design
Command: opt_design
Attempting to get a license for feature 'Implementation' and/or device 'xc7a100t'
INFO: [Common 17-349] Got license for feature 'Implementation' and/or device 'xc7a100t'
Running DRC as a precondition to command opt_design

Starting DRC Task
INFO: [DRC 23-27] Running DRC with 8 threads
INFO: [Project 1-461] DRC finished with 0 Errors
INFO: [Project 1-462] Please refer to the DRC report (report_drc) for more information.

Time (s): cpu = 00:00:02 ; elapsed = 00:00:00.47 . Memory (MB): peak = 2350.547 ; gain = 0.000 ; free physical = 11110 ; free virtual = 17557

Starting Cache Timing Information Task
INFO: [Timing 38-35] Done setting XDC timing constraints.
Ending Cache Timing Information Task | Checksum: 1bee186e9

Time (s): cpu = 00:00:04 ; elapsed = 00:00:04 . Memory (MB): peak = 2584.359 ; gain = 233.812 ; free physical = 10952 ; free virtual = 17399

Starting Logic Optimization Task

Phase 1 Initialization

Phase 1.1 Core Generation And Design Setup
Phase 1.1 Core Generation And Design Setup | Checksum: 1bee186e9

Time (s): cpu = 00:00:00 ; elapsed = 00:00:00 . Memory (MB): peak = 2856.297 ; gain = 0.000 ; free physical = 10657 ; free virtual = 17104

Phase 1.2 Setup Constraints And Sort Netlist
Phase 1.2 Setup Constraints And Sort Netlist | Checksum: 1bee186e9

Time (s): cpu = 00:00:00 ; elapsed = 00:00:00 . Memory (MB): peak = 2856.297 ; gain = 0.000 ; free physical = 10657 ; free virtual = 17104
Phase 1 Initialization | Checksum: 1bee186e9

Time (s): cpu = 00:00:00 ; elapsed = 00:00:00 . Memory (MB): peak = 2856.297 ; gain = 0.000 ; free physical = 10657 ; free virtual = 17104

Phase 2 Timer Update And Timing Data Collection

Phase 2.1 Timer Update
Phase 2.1 Timer Update | Checksum: 1bee186e9

Time (s): cpu = 00:00:00.01 ; elapsed = 00:00:00.01 . Memory (MB): peak = 2856.297 ; gain = 0.000 ; free physical = 10657 ; free virtual = 17104

Phase 2.2 Timing Data Collection
Phase 2.2 Timing Data Collection | Checksum: 1bee186e9

Time (s): cpu = 00:00:00.01 ; elapsed = 00:00:00.01 . Memory (MB): peak = 2856.297 ; gain = 0.000 ; free physical = 10657 ; free virtual = 17104
Phase 2 Timer Update And Timing Data Collection | Checksum: 1bee186e9

Time (s): cpu = 00:00:00.01 ; elapsed = 00:00:00.01 . Memory (MB): peak = 2856.297 ; gain = 0.000 ; free physical = 10657 ; free virtual = 17104

Phase 3 Retarget
INFO: [Opt 31-1851] Number of loadless carry chains removed were: 0
INFO: [Opt 31-1834] Total Chains To Be Transformed Were: 0 AND Number of Transformed insts Created are: 0
INFO: [Opt 31-138] Pushed 0 inverter(s) to 0 load pin(s).
INFO: [Opt 31-49] Retargeted 0 cell(s).
Phase 3 Retarget | Checksum: 1bee186e9

Time (s): cpu = 00:00:00.02 ; elapsed = 00:00:00.02 . Memory (MB): peak = 2856.297 ; gain = 0.000 ; free physical = 10657 ; free virtual = 17104
Retarget | Checksum: 1bee186e9
INFO: [Opt 31-389] Phase Retarget created 0 cells and removed 0 cells

Phase 4 Constant propagation
INFO: [Opt 31-138] Pushed 0 inverter(s) to 0 load pin(s).
Phase 4 Constant propagation | Checksum: 1bee186e9

Time (s): cpu = 00:00:00.02 ; elapsed = 00:00:00.02 . Memory (MB): peak = 2856.297 ; gain = 0.000 ; free physical = 10657 ; free virtual = 17104
Constant propagation | Checksum: 1bee186e9
INFO: [Opt 31-389] Phase Constant propagation created 0 cells and removed 0 cells

Phase 5 Sweep
INFO: [Constraints 18-11670] Building netlist checker database with flags, 0x8
Done building netlist checker database: Time (s): cpu = 00:00:00 ; elapsed = 00:00:00 . Memory (MB): peak = 2856.297 ; gain = 0.000 ; free physical = 10657 ; free virtual = 17104
Phase 5 Sweep | Checksum: 16ecd62c1

Time (s): cpu = 00:00:00.03 ; elapsed = 00:00:00.03 . Memory (MB): peak = 2856.297 ; gain = 0.000 ; free physical = 10657 ; free virtual = 17104
Sweep | Checksum: 16ecd62c1
INFO: [Opt 31-389] Phase Sweep created 1 cells and removed 0 cells

Phase 6 BUFG optimization
Phase 6 BUFG optimization | Checksum: 16ecd62c1

Time (s): cpu = 00:00:00.04 ; elapsed = 00:00:00.03 . Memory (MB): peak = 2888.312 ; gain = 32.016 ; free physical = 10657 ; free virtual = 17104
BUFG optimization | Checksum: 16ecd62c1
INFO: [Opt 31-662] Phase BUFG optimization created 0 cells of which 0 are BUFGs and removed 0 cells.

Phase 7 Shift Register Optimization
INFO: [Opt 31-1064] SRL Remap converted 0 SRLs to 0 registers and converted 0 registers of register chains to 0 SRLs
Phase 7 Shift Register Optimization | Checksum: 16ecd62c1

Time (s): cpu = 00:00:00.04 ; elapsed = 00:00:00.03 . Memory (MB): peak = 2888.312 ; gain = 32.016 ; free physical = 10657 ; free virtual = 17104
Shift Register Optimization | Checksum: 16ecd62c1
INFO: [Opt 31-389] Phase Shift Register Optimization created 0 cells and removed 0 cells

Phase 8 Post Processing Netlist
Phase 8 Post Processing Netlist | Checksum: 16ecd62c1

Time (s): cpu = 00:00:00.04 ; elapsed = 00:00:00.04 . Memory (MB): peak = 2888.312 ; gain = 32.016 ; free physical = 10657 ; free virtual = 17104
Post Processing Netlist | Checksum: 16ecd62c1
INFO: [Opt 31-389] Phase Post Processing Netlist created 0 cells and removed 0 cells

Phase 9 Finalization

Phase 9.1 Finalizing Design Cores and Updating Shapes
Phase 9.1 Finalizing Design Cores and Updating Shapes | Checksum: 22b662d75

Time (s): cpu = 00:00:00.05 ; elapsed = 00:00:00.05 . Memory (MB): peak = 2888.312 ; gain = 32.016 ; free physical = 10657 ; free virtual = 17104

Phase 9.2 Verifying Netlist Connectivity

Starting Connectivity Check Task

Time (s): cpu = 00:00:00 ; elapsed = 00:00:00 . Memory (MB): peak = 2888.312 ; gain = 0.000 ; free physical = 10657 ; free virtual = 17104
Phase 9.2 Verifying Netlist Connectivity | Checksum: 22b662d75

Time (s): cpu = 00:00:00.05 ; elapsed = 00:00:00.05 . Memory (MB): peak = 2888.312 ; gain = 32.016 ; free physical = 10657 ; free virtual = 17104
Phase 9 Finalization | Checksum: 22b662d75

Time (s): cpu = 00:00:00.05 ; elapsed = 00:00:00.05 . Memory (MB): peak = 2888.312 ; gain = 32.016 ; free physical = 10657 ; free virtual = 17104
Opt_design Change Summary
=========================


-------------------------------------------------------------------------------------------------------------------------
|  Phase                        |  #Cells created  |  #Cells Removed  |  #Constrained objects preventing optimizations  |
-------------------------------------------------------------------------------------------------------------------------
|  Retarget                     |               0  |               0  |                                              0  |
|  Constant propagation         |               0  |               0  |                                              0  |
|  Sweep                        |               1  |               0  |                                              0  |
|  BUFG optimization            |               0  |               0  |                                              0  |
|  Shift Register Optimization  |               0  |               0  |                                              0  |
|  Post Processing Netlist      |               0  |               0  |                                              0  |
-------------------------------------------------------------------------------------------------------------------------


Ending Logic Optimization Task | Checksum: 22b662d75

Time (s): cpu = 00:00:00.06 ; elapsed = 00:00:00.05 . Memory (MB): peak = 2888.312 ; gain = 32.016 ; free physical = 10657 ; free virtual = 17104

Starting Power Optimization Task
INFO: [Pwropt 34-132] Skipping clock gating for clocks with a period < 2.00 ns.
Ending Power Optimization Task | Checksum: 22b662d75

Time (s): cpu = 00:00:00.01 ; elapsed = 00:00:00.01 . Memory (MB): peak = 2888.312 ; gain = 0.000 ; free physical = 10657 ; free virtual = 17103

Starting Final Cleanup Task
Ending Final Cleanup Task | Checksum: 22b662d75

Time (s): cpu = 00:00:00 ; elapsed = 00:00:00 . Memory (MB): peak = 2888.312 ; gain = 0.000 ; free physical = 10657 ; free virtual = 17103

Starting Netlist Obfuscation Task
Netlist sorting complete. Time (s): cpu = 00:00:00 ; elapsed = 00:00:00 . Memory (MB): peak = 2888.312 ; gain = 0.000 ; free physical = 10657 ; free virtual = 17103
Ending Netlist Obfuscation Task | Checksum: 22b662d75

Time (s): cpu = 00:00:00 ; elapsed = 00:00:00 . Memory (MB): peak = 2888.312 ; gain = 0.000 ; free physical = 10657 ; free virtual = 17103
INFO: [Common 17-83] Releasing license: Implementation
20 Infos, 0 Warnings, 0 Critical Warnings and 0 Errors encountered.
opt_design completed successfully
opt_design: Time (s): cpu = 00:00:07 ; elapsed = 00:00:07 . Memory (MB): peak = 2888.312 ; gain = 537.766 ; free physical = 10657 ; free virtual = 17103
# place_design
Command: place_design
Attempting to get a license for feature 'Implementation' and/or device 'xc7a100t'
INFO: [Common 17-349] Got license for feature 'Implementation' and/or device 'xc7a100t'
INFO: [Common 17-83] Releasing license: Implementation
INFO: [DRC 23-27] Running DRC with 8 threads
INFO: [Vivado_Tcl 4-198] DRC finished with 0 Errors
INFO: [Vivado_Tcl 4-199] Please refer to the DRC report (report_drc) for more information.
Running DRC as a precondition to command place_design
INFO: [DRC 23-27] Running DRC with 8 threads
INFO: [Vivado_Tcl 4-198] DRC finished with 0 Errors
INFO: [Vivado_Tcl 4-199] Please refer to the DRC report (report_drc) for more information.
INFO: [Place 30-611] Multithreading enabled for place_design using a maximum of 8 CPUs

Starting Placer Task

Phase 1 Placer Initialization

Phase 1.1 Placer Initialization Netlist Sorting
Netlist sorting complete. Time (s): cpu = 00:00:00 ; elapsed = 00:00:00 . Memory (MB): peak = 2888.312 ; gain = 0.000 ; free physical = 10658 ; free virtual = 17105
Phase 1.1 Placer Initialization Netlist Sorting | Checksum: 16c8cc80e

Time (s): cpu = 00:00:00 ; elapsed = 00:00:00 . Memory (MB): peak = 2888.312 ; gain = 0.000 ; free physical = 10658 ; free virtual = 17105
Netlist sorting complete. Time (s): cpu = 00:00:00 ; elapsed = 00:00:00 . Memory (MB): peak = 2888.312 ; gain = 0.000 ; free physical = 10658 ; free virtual = 17105

Phase 1.2 IO Placement/ Clock Placement/ Build Placer Device
INFO: [Timing 38-35] Done setting XDC timing constraints.
Phase 1.2 IO Placement/ Clock Placement/ Build Placer Device | Checksum: 131fb0edb

Time (s): cpu = 00:00:00.32 ; elapsed = 00:00:00.15 . Memory (MB): peak = 2888.312 ; gain = 0.000 ; free physical = 10658 ; free virtual = 17105

Phase 1.3 Build Placer Netlist Model
Phase 1.3 Build Placer Netlist Model | Checksum: 1adfcfed5

Time (s): cpu = 00:00:00.58 ; elapsed = 00:00:00.26 . Memory (MB): peak = 2927.355 ; gain = 39.043 ; free physical = 10657 ; free virtual = 17104

Phase 1.4 Constrain Clocks/Macros
Phase 1.4 Constrain Clocks/Macros | Checksum: 1adfcfed5

Time (s): cpu = 00:00:00.58 ; elapsed = 00:00:00.26 . Memory (MB): peak = 2927.355 ; gain = 39.043 ; free physical = 10657 ; free virtual = 17104
Phase 1 Placer Initialization | Checksum: 1adfcfed5

Time (s): cpu = 00:00:00.59 ; elapsed = 00:00:00.26 . Memory (MB): peak = 2927.355 ; gain = 39.043 ; free physical = 10657 ; free virtual = 17104

Phase 2 Global Placement

Phase 2.1 Floorplanning
Phase 2.1 Floorplanning | Checksum: 1f3504a68

Time (s): cpu = 00:00:00.72 ; elapsed = 00:00:00.3 . Memory (MB): peak = 2927.355 ; gain = 39.043 ; free physical = 10655 ; free virtual = 17102

Phase 2.2 Update Timing before SLR Path Opt
Phase 2.2 Update Timing before SLR Path Opt | Checksum: 1964385a4

Time (s): cpu = 00:00:00.81 ; elapsed = 00:00:00.34 . Memory (MB): peak = 2927.355 ; gain = 39.043 ; free physical = 10655 ; free virtual = 17102

Phase 2.3 Post-Processing in Floorplanning
Phase 2.3 Post-Processing in Floorplanning | Checksum: 1964385a4

Time (s): cpu = 00:00:00.81 ; elapsed = 00:00:00.34 . Memory (MB): peak = 2927.355 ; gain = 39.043 ; free physical = 10655 ; free virtual = 17102

Phase 2.4 Global Place Phase1
Phase 2.4 Global Place Phase1 | Checksum: 1a56bb3b8

Time (s): cpu = 00:00:02 ; elapsed = 00:00:00.72 . Memory (MB): peak = 2927.355 ; gain = 39.043 ; free physical = 10643 ; free virtual = 17090

Phase 2.5 Global Place Phase2

Phase 2.5.1 UpdateTiming Before Physical Synthesis
Phase 2.5.1 UpdateTiming Before Physical Synthesis | Checksum: 1a56bb3b8

Time (s): cpu = 00:00:02 ; elapsed = 00:00:00.75 . Memory (MB): peak = 2927.355 ; gain = 39.043 ; free physical = 10644 ; free virtual = 17090

Phase 2.5.2 Physical Synthesis In Placer
INFO: [Physopt 32-1035] Found 0 LUTNM shape to break, 14 LUT instances to create LUTNM shape
INFO: [Physopt 32-1044] Break lutnm for timing: one critical 0, two critical 0, total 0, new lutff created 0
INFO: [Physopt 32-1138] End 1 Pass. Optimized 6 nets or LUTs. Breaked 0 LUT, combined 6 existing LUTs and moved 0 existing LUT
INFO: [Physopt 32-65] No nets found for high-fanout optimization.
INFO: [Physopt 32-232] Optimized 0 net. Created 0 new instance.
INFO: [Physopt 32-775] End 1 Pass. Optimized 0 net or cell. Created 0 new cell, deleted 0 existing cell and moved 0 existing cell
INFO: [Physopt 32-670] No setup violation found.  DSP Register Optimization was not performed.
INFO: [Physopt 32-670] No setup violation found.  Shift Register to Pipeline Optimization was not performed.
INFO: [Physopt 32-670] No setup violation found.  Shift Register Optimization was not performed.
INFO: [Physopt 32-670] No setup violation found.  BRAM Register Optimization was not performed.
INFO: [Physopt 32-670] No setup violation found.  URAM Register Optimization was not performed.
INFO: [Physopt 32-949] No candidate nets found for dynamic/static region interface net replication
INFO: [Physopt 32-775] End 1 Pass. Optimized 0 net or cell. Created 0 new cell, deleted 0 existing cell and moved 0 existing cell
Netlist sorting complete. Time (s): cpu = 00:00:00 ; elapsed = 00:00:00 . Memory (MB): peak = 2927.355 ; gain = 0.000 ; free physical = 10644 ; free virtual = 17090

Summary of Physical Synthesis Optimizations
============================================


-----------------------------------------------------------------------------------------------------------------------------------------------------------
|  Optimization                                     |  Added Cells  |  Removed Cells  |  Optimized Cells/Nets  |  Dont Touch  |  Iterations  |  Elapsed   |
-----------------------------------------------------------------------------------------------------------------------------------------------------------
|  LUT Combining                                    |            0  |              6  |                     6  |           0  |           1  |  00:00:00  |
|  Retime                                           |            0  |              0  |                     0  |           0  |           1  |  00:00:00  |
|  Very High Fanout                                 |            0  |              0  |                     0  |           0  |           1  |  00:00:00  |
|  DSP Register                                     |            0  |              0  |                     0  |           0  |           0  |  00:00:00  |
|  Shift Register to Pipeline                       |            0  |              0  |                     0  |           0  |           0  |  00:00:00  |
|  Shift Register                                   |            0  |              0  |                     0  |           0  |           0  |  00:00:00  |
|  BRAM Register                                    |            0  |              0  |                     0  |           0  |           0  |  00:00:00  |
|  URAM Register                                    |            0  |              0  |                     0  |           0  |           0  |  00:00:00  |
|  Dynamic/Static Region Interface Net Replication  |            0  |              0  |                     0  |           0  |           1  |  00:00:00  |
|  Total                                            |            0  |              6  |                     6  |           0  |           4  |  00:00:00  |
-----------------------------------------------------------------------------------------------------------------------------------------------------------


Phase 2.5.2 Physical Synthesis In Placer | Checksum: 2ed6e31d0

Time (s): cpu = 00:00:02 ; elapsed = 00:00:00.98 . Memory (MB): peak = 2927.355 ; gain = 39.043 ; free physical = 10644 ; free virtual = 17090
Phase 2.5 Global Place Phase2 | Checksum: 28dbbf363

Time (s): cpu = 00:00:02 ; elapsed = 00:00:01 . Memory (MB): peak = 2927.355 ; gain = 39.043 ; free physical = 10644 ; free virtual = 17090
Phase 2 Global Placement | Checksum: 28dbbf363

Time (s): cpu = 00:00:02 ; elapsed = 00:00:01 . Memory (MB): peak = 2927.355 ; gain = 39.043 ; free physical = 10644 ; free virtual = 17090

Phase 3 Detail Placement

Phase 3.1 Commit Multi Column Macros
Phase 3.1 Commit Multi Column Macros | Checksum: 21a0f15fc

Time (s): cpu = 00:00:03 ; elapsed = 00:00:01 . Memory (MB): peak = 2927.355 ; gain = 39.043 ; free physical = 10644 ; free virtual = 17090

Phase 3.2 Commit Most Macros & LUTRAMs
Phase 3.2 Commit Most Macros & LUTRAMs | Checksum: 29a118e75

Time (s): cpu = 00:00:03 ; elapsed = 00:00:01 . Memory (MB): peak = 2927.355 ; gain = 39.043 ; free physical = 10643 ; free virtual = 17090

Phase 3.3 Area Swap Optimization
Phase 3.3 Area Swap Optimization | Checksum: 27b44ac00

Time (s): cpu = 00:00:03 ; elapsed = 00:00:01 . Memory (MB): peak = 2927.355 ; gain = 39.043 ; free physical = 10643 ; free virtual = 17090

Phase 3.4 Pipeline Register Optimization
Phase 3.4 Pipeline Register Optimization | Checksum: 245796f56

Time (s): cpu = 00:00:03 ; elapsed = 00:00:01 . Memory (MB): peak = 2927.355 ; gain = 39.043 ; free physical = 10643 ; free virtual = 17090

Phase 3.5 Small Shape Detail Placement
Phase 3.5 Small Shape Detail Placement | Checksum: 22fca2ea1

Time (s): cpu = 00:00:03 ; elapsed = 00:00:01 . Memory (MB): peak = 2927.355 ; gain = 39.043 ; free physical = 10643 ; free virtual = 17090

Phase 3.6 Re-assign LUT pins
Phase 3.6 Re-assign LUT pins | Checksum: 246ab9c95

Time (s): cpu = 00:00:03 ; elapsed = 00:00:01 . Memory (MB): peak = 2927.355 ; gain = 39.043 ; free physical = 10643 ; free virtual = 17090

Phase 3.7 Pipeline Register Optimization
Phase 3.7 Pipeline Register Optimization | Checksum: 28fded9e3

Time (s): cpu = 00:00:03 ; elapsed = 00:00:01 . Memory (MB): peak = 2927.355 ; gain = 39.043 ; free physical = 10643 ; free virtual = 17090
Phase 3 Detail Placement | Checksum: 28fded9e3

Time (s): cpu = 00:00:03 ; elapsed = 00:00:01 . Memory (MB): peak = 2927.355 ; gain = 39.043 ; free physical = 10643 ; free virtual = 17090

Phase 4 Post Placement Optimization and Clean-Up

Phase 4.1 Post Commit Optimization
INFO: [Timing 38-35] Done setting XDC timing constraints.

Phase 4.1.1 Post Placement Optimization
Post Placement Optimization Initialization | Checksum: 248e406e8

Phase 4.1.1.1 BUFG Insertion

Starting Physical Synthesis Task

Phase 1 Physical Synthesis Initialization
INFO: [Physopt 32-721] Multithreading enabled for phys_opt_design using a maximum of 8 CPUs
INFO: [Physopt 32-619] Estimated Timing Summary | WNS=4.598 | TNS=0.000 |
Phase 1 Physical Synthesis Initialization | Checksum: 1be72b1b8

Time (s): cpu = 00:00:00.03 ; elapsed = 00:00:00.02 . Memory (MB): peak = 2927.355 ; gain = 0.000 ; free physical = 10643 ; free virtual = 17090
INFO: [Place 46-56] BUFG insertion identified 0 candidate nets. Inserted BUFG: 0, Replicated BUFG Driver: 0, Skipped due to Placement/Routing Conflicts: 0, Skipped due to Timing Degradation: 0, Skipped due to netlist editing failed: 0.
Ending Physical Synthesis Task | Checksum: 2fec322a4

Time (s): cpu = 00:00:00.04 ; elapsed = 00:00:00.02 . Memory (MB): peak = 2927.355 ; gain = 0.000 ; free physical = 10643 ; free virtual = 17090
Phase 4.1.1.1 BUFG Insertion | Checksum: 248e406e8

Time (s): cpu = 00:00:03 ; elapsed = 00:00:01 . Memory (MB): peak = 2927.355 ; gain = 39.043 ; free physical = 10643 ; free virtual = 17090

Phase 4.1.1.2 Post Placement Timing Optimization
INFO: [Place 30-746] Post Placement Timing Summary WNS=4.598. For the most accurate timing information please run report_timing.
Phase 4.1.1.2 Post Placement Timing Optimization | Checksum: 2fed5e38f

Time (s): cpu = 00:00:03 ; elapsed = 00:00:01 . Memory (MB): peak = 2927.355 ; gain = 39.043 ; free physical = 10643 ; free virtual = 17090

Time (s): cpu = 00:00:03 ; elapsed = 00:00:01 . Memory (MB): peak = 2927.355 ; gain = 39.043 ; free physical = 10643 ; free virtual = 17090
Phase 4.1 Post Commit Optimization | Checksum: 2fed5e38f

Time (s): cpu = 00:00:03 ; elapsed = 00:00:01 . Memory (MB): peak = 2927.355 ; gain = 39.043 ; free physical = 10643 ; free virtual = 17090

Phase 4.2 Post Placement Cleanup
Phase 4.2 Post Placement Cleanup | Checksum: 2fed5e38f

Time (s): cpu = 00:00:03 ; elapsed = 00:00:01 . Memory (MB): peak = 2927.355 ; gain = 39.043 ; free physical = 10643 ; free virtual = 17090

Phase 4.3 Placer Reporting

Phase 4.3.1 Print Estimated Congestion
INFO: [Place 30-612] Post-Placement Estimated Congestion 
 ____________________________________________________
|           | Global Congestion | Short Congestion  |
| Direction | Region Size       | Region Size       |
|___________|___________________|___________________|
|      North|                1x1|                1x1|
|___________|___________________|___________________|
|      South|                1x1|                1x1|
|___________|___________________|___________________|
|       East|                1x1|                1x1|
|___________|___________________|___________________|
|       West|                1x1|                1x1|
|___________|___________________|___________________|

Phase 4.3.1 Print Estimated Congestion | Checksum: 2fed5e38f

Time (s): cpu = 00:00:03 ; elapsed = 00:00:01 . Memory (MB): peak = 2927.355 ; gain = 39.043 ; free physical = 10643 ; free virtual = 17090
Phase 4.3 Placer Reporting | Checksum: 2fed5e38f

Time (s): cpu = 00:00:03 ; elapsed = 00:00:01 . Memory (MB): peak = 2927.355 ; gain = 39.043 ; free physical = 10643 ; free virtual = 17090

Phase 4.4 Final Placement Cleanup
Netlist sorting complete. Time (s): cpu = 00:00:00 ; elapsed = 00:00:00 . Memory (MB): peak = 2927.355 ; gain = 0.000 ; free physical = 10643 ; free virtual = 17090

Time (s): cpu = 00:00:03 ; elapsed = 00:00:01 . Memory (MB): peak = 2927.355 ; gain = 39.043 ; free physical = 10643 ; free virtual = 17090
Phase 4 Post Placement Optimization and Clean-Up | Checksum: 252a5559d

Time (s): cpu = 00:00:03 ; elapsed = 00:00:01 . Memory (MB): peak = 2927.355 ; gain = 39.043 ; free physical = 10643 ; free virtual = 17090
Ending Placer Task | Checksum: 193b92f4b

Time (s): cpu = 00:00:03 ; elapsed = 00:00:01 . Memory (MB): peak = 2927.355 ; gain = 39.043 ; free physical = 10643 ; free virtual = 17090
29 Infos, 0 Warnings, 0 Critical Warnings and 0 Errors encountered.
place_design completed successfully
# route_design
Command: route_design
Attempting to get a license for feature 'Implementation' and/or device 'xc7a100t'
INFO: [Common 17-349] Got license for feature 'Implementation' and/or device 'xc7a100t'


Starting Routing Task
INFO: [Route 35-254] Multithreading enabled for route_design using a maximum of 8 CPUs

Phase 1 Build RT Design
Checksum: PlaceDB: 97785b01 ConstDB: 0 ShapeSum: 4a6e74b4 RouteDB: b1d25f96
Post Restoration Checksum: NetGraph: 818b7ad3 | NumContArr: 60dab074 | Constraints: c2a8fa9d | Timing: c2a8fa9d
Phase 1 Build RT Design | Checksum: 267b82081

Time (s): cpu = 00:00:19 ; elapsed = 00:00:16 . Memory (MB): peak = 2927.355 ; gain = 0.000 ; free physical = 10643 ; free virtual = 17089

Phase 2 Router Initialization

Phase 2.1 Fix Topology Constraints
Phase 2.1 Fix Topology Constraints | Checksum: 267b82081

Time (s): cpu = 00:00:19 ; elapsed = 00:00:16 . Memory (MB): peak = 2927.355 ; gain = 0.000 ; free physical = 10643 ; free virtual = 17089

Phase 2.2 Pre Route Cleanup
Phase 2.2 Pre Route Cleanup | Checksum: 267b82081

Time (s): cpu = 00:00:19 ; elapsed = 00:00:16 . Memory (MB): peak = 2927.355 ; gain = 0.000 ; free physical = 10643 ; free virtual = 17089
 Number of Nodes with overlaps = 0

Phase 2.3 Update Timing
Phase 2.3 Update Timing | Checksum: 260b2e441

Time (s): cpu = 00:00:20 ; elapsed = 00:00:17 . Memory (MB): peak = 2927.355 ; gain = 0.000 ; free physical = 10621 ; free virtual = 17068
INFO: [Route 35-416] Intermediate Timing Summary | WNS=4.776  | TNS=0.000  | WHS=-0.141 | THS=-2.280 |


Router Utilization Summary
  Global Vertical Routing Utilization    = 0 %
  Global Horizontal Routing Utilization  = 0 %
  Routable Net Status*
  *Does not include unroutable nets such as driverless and loadless.
  Run report_route_status for detailed report.
  Number of Failed Nets               = 309
    (Failed Nets is the sum of unrouted and partially routed nets)
  Number of Unrouted Nets             = 309
  Number of Partially Routed Nets     = 0
  Number of Node Overlaps             = 0

Phase 2 Router Initialization | Checksum: 2119a9394

Time (s): cpu = 00:00:20 ; elapsed = 00:00:17 . Memory (MB): peak = 2927.355 ; gain = 0.000 ; free physical = 10617 ; free virtual = 17064

Phase 3 Global Routing
Phase 3 Global Routing | Checksum: 2119a9394

Time (s): cpu = 00:00:20 ; elapsed = 00:00:17 . Memory (MB): peak = 2927.355 ; gain = 0.000 ; free physical = 10617 ; free virtual = 17064

Phase 4 Initial Routing

Phase 4.1 Initial Net Routing Pass
Phase 4.1 Initial Net Routing Pass | Checksum: 1df3f7ff3

Time (s): cpu = 00:00:20 ; elapsed = 00:00:17 . Memory (MB): peak = 2927.355 ; gain = 0.000 ; free physical = 10617 ; free virtual = 17064
Phase 4 Initial Routing | Checksum: 1df3f7ff3

Time (s): cpu = 00:00:20 ; elapsed = 00:00:17 . Memory (MB): peak = 2927.355 ; gain = 0.000 ; free physical = 10617 ; free virtual = 17064

Phase 5 Rip-up And Reroute

Phase 5.1 Global Iteration 0
 Number of Nodes with overlaps = 21
 Number of Nodes with overlaps = 1
 Number of Nodes with overlaps = 0
INFO: [Route 35-416] Intermediate Timing Summary | WNS=4.433  | TNS=0.000  | WHS=N/A    | THS=N/A    |

Phase 5.1 Global Iteration 0 | Checksum: 20a85aa52

Time (s): cpu = 00:00:21 ; elapsed = 00:00:17 . Memory (MB): peak = 2927.355 ; gain = 0.000 ; free physical = 10617 ; free virtual = 17064

Phase 5.2 Global Iteration 1
 Number of Nodes with overlaps = 0
INFO: [Route 35-416] Intermediate Timing Summary | WNS=4.433  | TNS=0.000  | WHS=N/A    | THS=N/A    |

Phase 5.2 Global Iteration 1 | Checksum: 260d79472

Time (s): cpu = 00:00:21 ; elapsed = 00:00:17 . Memory (MB): peak = 2927.355 ; gain = 0.000 ; free physical = 10617 ; free virtual = 17064
Phase 5 Rip-up And Reroute | Checksum: 260d79472

Time (s): cpu = 00:00:21 ; elapsed = 00:00:17 . Memory (MB): peak = 2927.355 ; gain = 0.000 ; free physical = 10617 ; free virtual = 17064

Phase 6 Delay and Skew Optimization

Phase 6.1 Delay CleanUp

Phase 6.1.1 Update Timing
Phase 6.1.1 Update Timing | Checksum: 24aea1fe1

Time (s): cpu = 00:00:21 ; elapsed = 00:00:17 . Memory (MB): peak = 2927.355 ; gain = 0.000 ; free physical = 10617 ; free virtual = 17064
INFO: [Route 35-416] Intermediate Timing Summary | WNS=4.491  | TNS=0.000  | WHS=N/A    | THS=N/A    |

Phase 6.1 Delay CleanUp | Checksum: 24aea1fe1

Time (s): cpu = 00:00:21 ; elapsed = 00:00:17 . Memory (MB): peak = 2927.355 ; gain = 0.000 ; free physical = 10617 ; free virtual = 17064

Phase 6.2 Clock Skew Optimization
Phase 6.2 Clock Skew Optimization | Checksum: 24aea1fe1

Time (s): cpu = 00:00:21 ; elapsed = 00:00:17 . Memory (MB): peak = 2927.355 ; gain = 0.000 ; free physical = 10617 ; free virtual = 17064
Phase 6 Delay and Skew Optimization | Checksum: 24aea1fe1

Time (s): cpu = 00:00:21 ; elapsed = 00:00:17 . Memory (MB): peak = 2927.355 ; gain = 0.000 ; free physical = 10617 ; free virtual = 17064

Phase 7 Post Hold Fix

Phase 7.1 Hold Fix Iter
INFO: [Route 35-416] Intermediate Timing Summary | WNS=4.491  | TNS=0.000  | WHS=0.026  | THS=0.000  |

Phase 7.1 Hold Fix Iter | Checksum: 2b5f68ae1

Time (s): cpu = 00:00:21 ; elapsed = 00:00:17 . Memory (MB): peak = 2927.355 ; gain = 0.000 ; free physical = 10617 ; free virtual = 17064
Phase 7 Post Hold Fix | Checksum: 2b5f68ae1

Time (s): cpu = 00:00:21 ; elapsed = 00:00:17 . Memory (MB): peak = 2927.355 ; gain = 0.000 ; free physical = 10617 ; free virtual = 17064

Phase 8 Route finalize

Router Utilization Summary
  Global Vertical Routing Utilization    = 0.0353397 %
  Global Horizontal Routing Utilization  = 0.0385763 %
  Routable Net Status*
  *Does not include unroutable nets such as driverless and loadless.
  Run report_route_status for detailed report.
  Number of Failed Nets               = 0
    (Failed Nets is the sum of unrouted and partially routed nets)
  Number of Unrouted Nets             = 0
  Number of Partially Routed Nets     = 0
  Number of Node Overlaps             = 0

Phase 8 Route finalize | Checksum: 2b5f68ae1

Time (s): cpu = 00:00:21 ; elapsed = 00:00:17 . Memory (MB): peak = 2927.355 ; gain = 0.000 ; free physical = 10617 ; free virtual = 17064

Phase 9 Verifying routed nets

 Verification completed successfully
Phase 9 Verifying routed nets | Checksum: 2b5f68ae1

Time (s): cpu = 00:00:21 ; elapsed = 00:00:17 . Memory (MB): peak = 2927.355 ; gain = 0.000 ; free physical = 10617 ; free virtual = 17064

Phase 10 Depositing Routes
Phase 10 Depositing Routes | Checksum: 279ac1abf

Time (s): cpu = 00:00:21 ; elapsed = 00:00:17 . Memory (MB): peak = 2927.355 ; gain = 0.000 ; free physical = 10617 ; free virtual = 17064

Phase 11 Post Process Routing
Phase 11 Post Process Routing | Checksum: 279ac1abf

Time (s): cpu = 00:00:21 ; elapsed = 00:00:17 . Memory (MB): peak = 2927.355 ; gain = 0.000 ; free physical = 10617 ; free virtual = 17064

Phase 12 Post Router Timing
INFO: [Route 35-57] Estimated Timing Summary | WNS=4.491  | TNS=0.000  | WHS=0.026  | THS=0.000  |

INFO: [Route 35-327] The final timing numbers are based on the router estimated timing analysis. For a complete and accurate timing signoff, please run report_timing_summary.
Phase 12 Post Router Timing | Checksum: 279ac1abf

Time (s): cpu = 00:00:21 ; elapsed = 00:00:17 . Memory (MB): peak = 2927.355 ; gain = 0.000 ; free physical = 10617 ; free virtual = 17064
Total Elapsed time in route_design: 16.9 secs

Phase 13 Post-Route Event Processing
Phase 13 Post-Route Event Processing | Checksum: a15eb378

Time (s): cpu = 00:00:21 ; elapsed = 00:00:17 . Memory (MB): peak = 2927.355 ; gain = 0.000 ; free physical = 10617 ; free virtual = 17064
INFO: [Route 35-16] Router Completed Successfully
Ending Routing Task | Checksum: a15eb378

Time (s): cpu = 00:00:21 ; elapsed = 00:00:17 . Memory (MB): peak = 2927.355 ; gain = 0.000 ; free physical = 10617 ; free virtual = 17064

Routing Is Done.
INFO: [Common 17-83] Releasing license: Implementation
11 Infos, 0 Warnings, 0 Critical Warnings and 0 Errors encountered.
route_design completed successfully
route_design: Time (s): cpu = 00:00:21 ; elapsed = 00:00:17 . Memory (MB): peak = 2927.355 ; gain = 0.000 ; free physical = 10617 ; free virtual = 17064
# report_utilization    -file $here/../docs/utilization_fpga.rpt
# report_timing_summary -file $here/../docs/timing_fpga.rpt
INFO: [Timing 38-91] UpdateTimingParams: Speed grade: -1, Delay Type: min_max.
INFO: [Timing 38-191] Multithreading enabled for timing update using a maximum of 8 CPUs
# write_bitstream -force $here/../docs/fpga_top.bit
Command: write_bitstream -force synth/../docs/fpga_top.bit
Attempting to get a license for feature 'Implementation' and/or device 'xc7a100t'
INFO: [Common 17-349] Got license for feature 'Implementation' and/or device 'xc7a100t'
Running DRC as a precondition to command write_bitstream
INFO: [IP_Flow 19-234] Refreshing IP repositories
INFO: [IP_Flow 19-1704] No user IP repositories specified
INFO: [IP_Flow 19-2313] Loaded Vivado IP repository '/opt/Xilinx/Vivado/2024.2/data/ip'.
INFO: [DRC 23-27] Running DRC with 8 threads
INFO: [Vivado 12-3199] DRC finished with 0 Errors
INFO: [Vivado 12-3200] Please refer to the DRC report (report_drc) for more information.
INFO: [Designutils 20-2272] Running write_bitstream with 8 threads.
Loading data files...
Loading site data...
Loading route data...
Processing options...
Creating bitmap...
Creating bitstream...
Writing bitstream synth/../docs/fpga_top.bit...
INFO: [Vivado 12-1842] Bitgen Completed Successfully.
INFO: [Project 1-1876] WebTalk data collection is mandatory when using a ULT device. To see the specific WebTalk data collected for your design, open the usage_statistics_webtalk.html or usage_statistics_webtalk.xml file in the implementation directory.
CRITICAL WARNING: [Common 17-570] Unable to write the webtalk settings file.  Please check that the appropriate environment variable (APPDATA or HOME) is properly set.
CRITICAL WARNING: [Common 17-570] Unable to write the webtalk settings file.  Please check that the appropriate environment variable (APPDATA or HOME) is properly set.
INFO: [Common 17-83] Releasing license: Implementation
11 Infos, 0 Warnings, 2 Critical Warnings and 0 Errors encountered.
write_bitstream completed successfully
write_bitstream: Time (s): cpu = 00:00:13 ; elapsed = 00:00:17 . Memory (MB): peak = 3229.074 ; gain = 301.719 ; free physical = 10265 ; free virtual = 16712
INFO: [Common 17-206] Exiting Vivado at Fri Jul  3 16:26:40 2026...
