#-----------------------------------------------------------
# Vivado v2024.2 (64-bit)
# SW Build 5239630 on Fri Nov 08 22:34:34 MST 2024
# IP Build 5239520 on Sun Nov 10 16:12:51 MST 2024
# SharedData Build 5239561 on Fri Nov 08 14:39:27 MST 2024
# Start of session at: Fri Jul  3 16:14:42 2026
# Process ID         : 34722
# Current directory  : /home/user/InternEric/projects/fpga-net-parser
# Command line       : vivado -mode batch -source synth/char.tcl
# Log file           : /home/user/InternEric/projects/fpga-net-parser/vivado.log
# Journal file       : /home/user/InternEric/projects/fpga-net-parser/vivado.jou
# Running On         : xilinxtemplatetsg
# Platform           : Ubuntu
# Operating System   : Ubuntu 22.04.4 LTS
# Processor Detail   : QEMU Virtual CPU version 2.5+
# CPU Frequency      : 2694.936 MHz
# CPU Physical cores : 8
# CPU Logical cores  : 8
# Host memory        : 16565 MB
# Swap memory        : 4294 MB
# Total Virtual      : 20860 MB
# Available Virtual  : 19610 MB
#-----------------------------------------------------------
source synth/char.tcl
# set here [file dirname [info script]]
# set part xc7a100tcsg324-1
# read_verilog -sv [glob $here/../rtl/*.sv]
# synth_design -top parser_top -part $part -mode out_of_context
Command: synth_design -top parser_top -part xc7a100tcsg324-1 -mode out_of_context
Starting synth_design
Attempting to get a license for feature 'Synthesis' and/or device 'xc7a100t'
INFO: [Common 17-349] Got license for feature 'Synthesis' and/or device 'xc7a100t'
INFO: [Synth 8-7079] Multithreading enabled for synth_design using a maximum of 7 processes.
INFO: [Synth 8-7078] Launching helper process for spawning children vivado processes
INFO: [Synth 8-7075] Helper process launched with PID 34734
---------------------------------------------------------------------------------
Starting Synthesize : Time (s): cpu = 00:00:03 ; elapsed = 00:00:03 . Memory (MB): peak = 1686.270 ; gain = 218.855 ; free physical = 11497 ; free virtual = 17925
---------------------------------------------------------------------------------
INFO: [Synth 8-6157] synthesizing module 'parser_top' [/home/user/InternEric/projects/fpga-net-parser/rtl/parser_top.sv:1]
INFO: [Synth 8-6157] synthesizing module 'eth_parser' [/home/user/InternEric/projects/fpga-net-parser/rtl/eth_parser.sv:1]
	Parameter MY_MAC bound to: 48'b000000100000000000000000000000000000000000000001 
INFO: [Synth 8-6155] done synthesizing module 'eth_parser' (0#1) [/home/user/InternEric/projects/fpga-net-parser/rtl/eth_parser.sv:1]
INFO: [Synth 8-6157] synthesizing module 'ipv4_parser' [/home/user/InternEric/projects/fpga-net-parser/rtl/ipv4_parser.sv:1]
INFO: [Synth 8-6155] done synthesizing module 'ipv4_parser' (0#1) [/home/user/InternEric/projects/fpga-net-parser/rtl/ipv4_parser.sv:1]
INFO: [Synth 8-6157] synthesizing module 'udp_parser' [/home/user/InternEric/projects/fpga-net-parser/rtl/udp_parser.sv:1]
	Parameter LISTEN_PORT bound to: 16'b0011011111100110 
INFO: [Synth 8-6155] done synthesizing module 'udp_parser' (0#1) [/home/user/InternEric/projects/fpga-net-parser/rtl/udp_parser.sv:1]
INFO: [Synth 8-6157] synthesizing module 'l1_trigger' [/home/user/InternEric/projects/fpga-net-parser/rtl/l1_trigger.sv:1]
	Parameter LATENCY bound to: 4 - type: integer 
INFO: [Synth 8-6155] done synthesizing module 'l1_trigger' (0#1) [/home/user/InternEric/projects/fpga-net-parser/rtl/l1_trigger.sv:1]
INFO: [Synth 8-6155] done synthesizing module 'parser_top' (0#1) [/home/user/InternEric/projects/fpga-net-parser/rtl/parser_top.sv:1]
---------------------------------------------------------------------------------
Finished Synthesize : Time (s): cpu = 00:00:04 ; elapsed = 00:00:04 . Memory (MB): peak = 1760.238 ; gain = 292.824 ; free physical = 11403 ; free virtual = 17831
---------------------------------------------------------------------------------
---------------------------------------------------------------------------------
Finished Constraint Validation : Time (s): cpu = 00:00:04 ; elapsed = 00:00:04 . Memory (MB): peak = 1778.051 ; gain = 310.637 ; free physical = 11402 ; free virtual = 17831
---------------------------------------------------------------------------------
---------------------------------------------------------------------------------
Start Loading Part and Timing Information
---------------------------------------------------------------------------------
Loading part: xc7a100tcsg324-1
---------------------------------------------------------------------------------
INFO: [Device 21-403] Loading part xc7a100tcsg324-1
Finished Loading Part and Timing Information : Time (s): cpu = 00:00:04 ; elapsed = 00:00:04 . Memory (MB): peak = 1786.055 ; gain = 318.641 ; free physical = 11402 ; free virtual = 17831
---------------------------------------------------------------------------------
---------------------------------------------------------------------------------
Finished RTL Optimization Phase 2 : Time (s): cpu = 00:00:04 ; elapsed = 00:00:04 . Memory (MB): peak = 1794.961 ; gain = 327.547 ; free physical = 11388 ; free virtual = 17817
---------------------------------------------------------------------------------
No constraint files found.
---------------------------------------------------------------------------------
Start RTL Component Statistics 
---------------------------------------------------------------------------------
Detailed RTL Component Info : 
+---Adders : 
	   2 Input   17 Bit       Adders := 1     
	   2 Input   16 Bit       Adders := 1     
	   2 Input    6 Bit       Adders := 3     
	   2 Input    4 Bit       Adders := 1     
+---Registers : 
	               32 Bit    Registers := 2     
	               17 Bit    Registers := 1     
	               16 Bit    Registers := 6     
	                6 Bit    Registers := 3     
	                4 Bit    Registers := 1     
	                3 Bit    Registers := 2     
	                1 Bit    Registers := 11    
+---Muxes : 
	   2 Input   32 Bit        Muxes := 1     
	   2 Input   16 Bit        Muxes := 9     
	   2 Input    8 Bit        Muxes := 10    
	   2 Input    2 Bit        Muxes := 1     
	   6 Input    2 Bit        Muxes := 1     
	   2 Input    1 Bit        Muxes := 26    
	   3 Input    1 Bit        Muxes := 1     
---------------------------------------------------------------------------------
Finished RTL Component Statistics 
---------------------------------------------------------------------------------
---------------------------------------------------------------------------------
Start Part Resource Summary
---------------------------------------------------------------------------------
Part Resources:
DSPs: 240 (col length:80)
BRAMs: 270 (col length: RAMB18 80 RAMB36 40)
---------------------------------------------------------------------------------
Finished Part Resource Summary
---------------------------------------------------------------------------------
No constraint files found.
---------------------------------------------------------------------------------
Start Cross Boundary and Area Optimization
---------------------------------------------------------------------------------
WARNING: [Synth 8-7080] Parallel synthesis criteria is not met
---------------------------------------------------------------------------------
Finished Cross Boundary and Area Optimization : Time (s): cpu = 00:00:07 ; elapsed = 00:00:07 . Memory (MB): peak = 1916.914 ; gain = 449.500 ; free physical = 11257 ; free virtual = 17687
---------------------------------------------------------------------------------
No constraint files found.
---------------------------------------------------------------------------------
Start Timing Optimization
---------------------------------------------------------------------------------
---------------------------------------------------------------------------------
Finished Timing Optimization : Time (s): cpu = 00:00:07 ; elapsed = 00:00:07 . Memory (MB): peak = 1916.914 ; gain = 449.500 ; free physical = 11257 ; free virtual = 17686
---------------------------------------------------------------------------------
---------------------------------------------------------------------------------
Start Technology Mapping
---------------------------------------------------------------------------------
---------------------------------------------------------------------------------
Finished Technology Mapping : Time (s): cpu = 00:00:07 ; elapsed = 00:00:07 . Memory (MB): peak = 1916.914 ; gain = 449.500 ; free physical = 11257 ; free virtual = 17686
---------------------------------------------------------------------------------
---------------------------------------------------------------------------------
Start IO Insertion
---------------------------------------------------------------------------------
---------------------------------------------------------------------------------
Start Flattening Before IO Insertion
---------------------------------------------------------------------------------
---------------------------------------------------------------------------------
Finished Flattening Before IO Insertion
---------------------------------------------------------------------------------
---------------------------------------------------------------------------------
Start Final Netlist Cleanup
---------------------------------------------------------------------------------
---------------------------------------------------------------------------------
Finished Final Netlist Cleanup
---------------------------------------------------------------------------------
---------------------------------------------------------------------------------
Finished IO Insertion : Time (s): cpu = 00:00:10 ; elapsed = 00:00:10 . Memory (MB): peak = 2061.727 ; gain = 594.312 ; free physical = 11134 ; free virtual = 17563
---------------------------------------------------------------------------------
---------------------------------------------------------------------------------
Start Renaming Generated Instances
---------------------------------------------------------------------------------
---------------------------------------------------------------------------------
Finished Renaming Generated Instances : Time (s): cpu = 00:00:10 ; elapsed = 00:00:10 . Memory (MB): peak = 2061.727 ; gain = 594.312 ; free physical = 11134 ; free virtual = 17563
---------------------------------------------------------------------------------
---------------------------------------------------------------------------------
Start Rebuilding User Hierarchy
---------------------------------------------------------------------------------
---------------------------------------------------------------------------------
Finished Rebuilding User Hierarchy : Time (s): cpu = 00:00:10 ; elapsed = 00:00:10 . Memory (MB): peak = 2061.727 ; gain = 594.312 ; free physical = 11134 ; free virtual = 17563
---------------------------------------------------------------------------------
---------------------------------------------------------------------------------
Start Renaming Generated Ports
---------------------------------------------------------------------------------
---------------------------------------------------------------------------------
Finished Renaming Generated Ports : Time (s): cpu = 00:00:10 ; elapsed = 00:00:10 . Memory (MB): peak = 2061.727 ; gain = 594.312 ; free physical = 11134 ; free virtual = 17563
---------------------------------------------------------------------------------
---------------------------------------------------------------------------------
Start Handling Custom Attributes
---------------------------------------------------------------------------------
---------------------------------------------------------------------------------
Finished Handling Custom Attributes : Time (s): cpu = 00:00:10 ; elapsed = 00:00:10 . Memory (MB): peak = 2061.727 ; gain = 594.312 ; free physical = 11134 ; free virtual = 17563
---------------------------------------------------------------------------------
---------------------------------------------------------------------------------
Start Renaming Generated Nets
---------------------------------------------------------------------------------
---------------------------------------------------------------------------------
Finished Renaming Generated Nets : Time (s): cpu = 00:00:10 ; elapsed = 00:00:10 . Memory (MB): peak = 2061.727 ; gain = 594.312 ; free physical = 11134 ; free virtual = 17563
---------------------------------------------------------------------------------
---------------------------------------------------------------------------------
Start Writing Synthesis Report
---------------------------------------------------------------------------------

Report BlackBoxes: 
+-+--------------+----------+
| |BlackBox name |Instances |
+-+--------------+----------+
+-+--------------+----------+

Report Cell Usage: 
+------+-------+------+
|      |Cell   |Count |
+------+-------+------+
|1     |CARRY4 |    17|
|2     |LUT1   |     5|
|3     |LUT2   |    27|
|4     |LUT3   |    27|
|5     |LUT4   |    16|
|6     |LUT5   |    13|
|7     |LUT6   |    42|
|8     |FDRE   |   149|
+------+-------+------+

Report Instance Areas: 
+------+---------+------------+------+
|      |Instance |Module      |Cells |
+------+---------+------------+------+
|1     |top      |            |   296|
|2     |  u_eth  |eth_parser  |    47|
|3     |  u_ipv4 |ipv4_parser |   162|
|4     |  u_trig |l1_trigger  |    29|
|5     |  u_udp  |udp_parser  |    58|
+------+---------+------------+------+
---------------------------------------------------------------------------------
Finished Writing Synthesis Report : Time (s): cpu = 00:00:10 ; elapsed = 00:00:10 . Memory (MB): peak = 2061.727 ; gain = 594.312 ; free physical = 11133 ; free virtual = 17562
---------------------------------------------------------------------------------
Synthesis finished with 0 errors, 0 critical warnings and 1 warnings.
Synthesis Optimization Runtime : Time (s): cpu = 00:00:10 ; elapsed = 00:00:10 . Memory (MB): peak = 2061.727 ; gain = 594.312 ; free physical = 11133 ; free virtual = 17562
Synthesis Optimization Complete : Time (s): cpu = 00:00:10 ; elapsed = 00:00:10 . Memory (MB): peak = 2061.734 ; gain = 594.312 ; free physical = 11133 ; free virtual = 17562
INFO: [Project 1-571] Translating synthesized netlist
Netlist sorting complete. Time (s): cpu = 00:00:00.01 ; elapsed = 00:00:00 . Memory (MB): peak = 2075.602 ; gain = 0.000 ; free physical = 11279 ; free virtual = 17708
INFO: [Netlist 29-17] Analyzing 17 Unisim elements for replacement
INFO: [Netlist 29-28] Unisim Transformation completed in 0 CPU seconds
INFO: [Project 1-570] Preparing netlist for logic optimization
INFO: [Opt 31-138] Pushed 0 inverter(s) to 0 load pin(s).
Netlist sorting complete. Time (s): cpu = 00:00:00 ; elapsed = 00:00:00 . Memory (MB): peak = 2225.191 ; gain = 0.000 ; free physical = 11186 ; free virtual = 17616
INFO: [Project 1-111] Unisim Transformation Summary:
No Unisim elements were transformed.

Synth Design complete | Checksum: 76203111
INFO: [Common 17-83] Releasing license: Synthesis
22 Infos, 1 Warnings, 0 Critical Warnings and 0 Errors encountered.
synth_design completed successfully
synth_design: Time (s): cpu = 00:00:14 ; elapsed = 00:00:12 . Memory (MB): peak = 2225.191 ; gain = 757.785 ; free physical = 11186 ; free virtual = 17615
INFO: [Common 17-2834] synth_design peak Physical Memory [PSS] (MB): overall = 1455.802; main = 1455.802; forked = 1.230
INFO: [Common 17-2834] synth_design peak Virtual Memory [VSS] (MB): overall = 2225.195; main = 2225.195; forked = 14.672
# create_clock -name clk -period 4.000 [get_ports clk]   
# opt_design
Command: opt_design
Attempting to get a license for feature 'Implementation' and/or device 'xc7a100t'
INFO: [Common 17-349] Got license for feature 'Implementation' and/or device 'xc7a100t'
Running DRC as a precondition to command opt_design

Starting DRC Task
INFO: [DRC 23-27] Running DRC with 8 threads
WARNING: [DRC 23-814] Not all possible (connectivity based) DRCs may have been run because this design is seen as Out of Context.
INFO: [Project 1-461] DRC finished with 0 Errors
INFO: [Project 1-462] Please refer to the DRC report (report_drc) for more information.

Time (s): cpu = 00:00:00.8 ; elapsed = 00:00:00.3 . Memory (MB): peak = 2304.066 ; gain = 78.875 ; free physical = 11184 ; free virtual = 17614

Starting Cache Timing Information Task
INFO: [Timing 38-35] Done setting XDC timing constraints.
Ending Cache Timing Information Task | Checksum: 1835fff15

Time (s): cpu = 00:00:04 ; elapsed = 00:00:04 . Memory (MB): peak = 2571.020 ; gain = 266.953 ; free physical = 10989 ; free virtual = 17418

Starting Logic Optimization Task

Phase 1 Initialization

Phase 1.1 Core Generation And Design Setup
Phase 1.1 Core Generation And Design Setup | Checksum: 1835fff15

Time (s): cpu = 00:00:00 ; elapsed = 00:00:00.01 . Memory (MB): peak = 2843.926 ; gain = 0.000 ; free physical = 10699 ; free virtual = 17128

Phase 1.2 Setup Constraints And Sort Netlist
Phase 1.2 Setup Constraints And Sort Netlist | Checksum: 1835fff15

Time (s): cpu = 00:00:00 ; elapsed = 00:00:00.01 . Memory (MB): peak = 2843.926 ; gain = 0.000 ; free physical = 10699 ; free virtual = 17128
Phase 1 Initialization | Checksum: 1835fff15

Time (s): cpu = 00:00:00 ; elapsed = 00:00:00.01 . Memory (MB): peak = 2843.926 ; gain = 0.000 ; free physical = 10699 ; free virtual = 17128

Phase 2 Timer Update And Timing Data Collection

Phase 2.1 Timer Update
Phase 2.1 Timer Update | Checksum: 1835fff15

Time (s): cpu = 00:00:00.02 ; elapsed = 00:00:00.02 . Memory (MB): peak = 2843.926 ; gain = 0.000 ; free physical = 10699 ; free virtual = 17128

Phase 2.2 Timing Data Collection
Phase 2.2 Timing Data Collection | Checksum: 1835fff15

Time (s): cpu = 00:00:00.02 ; elapsed = 00:00:00.02 . Memory (MB): peak = 2843.926 ; gain = 0.000 ; free physical = 10699 ; free virtual = 17128
Phase 2 Timer Update And Timing Data Collection | Checksum: 1835fff15

Time (s): cpu = 00:00:00.02 ; elapsed = 00:00:00.02 . Memory (MB): peak = 2843.926 ; gain = 0.000 ; free physical = 10699 ; free virtual = 17128

Phase 3 Retarget
INFO: [Opt 31-1851] Number of loadless carry chains removed were: 0
INFO: [Opt 31-1834] Total Chains To Be Transformed Were: 0 AND Number of Transformed insts Created are: 0
INFO: [Opt 31-138] Pushed 0 inverter(s) to 0 load pin(s).
INFO: [Opt 31-49] Retargeted 0 cell(s).
Phase 3 Retarget | Checksum: 1835fff15

Time (s): cpu = 00:00:00.03 ; elapsed = 00:00:00.02 . Memory (MB): peak = 2843.926 ; gain = 0.000 ; free physical = 10699 ; free virtual = 17128
Retarget | Checksum: 1835fff15
INFO: [Opt 31-389] Phase Retarget created 0 cells and removed 0 cells

Phase 4 Constant propagation
INFO: [Opt 31-138] Pushed 0 inverter(s) to 0 load pin(s).
Phase 4 Constant propagation | Checksum: 1835fff15

Time (s): cpu = 00:00:00.03 ; elapsed = 00:00:00.03 . Memory (MB): peak = 2843.926 ; gain = 0.000 ; free physical = 10699 ; free virtual = 17128
Constant propagation | Checksum: 1835fff15
INFO: [Opt 31-389] Phase Constant propagation created 0 cells and removed 0 cells

Phase 5 Sweep
INFO: [Constraints 18-11670] Building netlist checker database with flags, 0x8
Done building netlist checker database: Time (s): cpu = 00:00:00 ; elapsed = 00:00:00 . Memory (MB): peak = 2843.926 ; gain = 0.000 ; free physical = 10699 ; free virtual = 17128
Phase 5 Sweep | Checksum: 20550a4cf

Time (s): cpu = 00:00:00.04 ; elapsed = 00:00:00.03 . Memory (MB): peak = 2843.926 ; gain = 0.000 ; free physical = 10699 ; free virtual = 17128
Sweep | Checksum: 20550a4cf
INFO: [Opt 31-389] Phase Sweep created 0 cells and removed 0 cells

Phase 6 BUFG optimization
Phase 6 BUFG optimization | Checksum: 20550a4cf

Time (s): cpu = 00:00:00.04 ; elapsed = 00:00:00.04 . Memory (MB): peak = 2875.941 ; gain = 32.016 ; free physical = 10699 ; free virtual = 17128
BUFG optimization | Checksum: 20550a4cf
INFO: [Opt 31-662] Phase BUFG optimization created 0 cells of which 0 are BUFGs and removed 0 cells.

Phase 7 Shift Register Optimization
INFO: [Opt 31-1064] SRL Remap converted 0 SRLs to 0 registers and converted 0 registers of register chains to 0 SRLs
Phase 7 Shift Register Optimization | Checksum: 20550a4cf

Time (s): cpu = 00:00:00.04 ; elapsed = 00:00:00.04 . Memory (MB): peak = 2875.941 ; gain = 32.016 ; free physical = 10699 ; free virtual = 17128
Shift Register Optimization | Checksum: 20550a4cf
INFO: [Opt 31-389] Phase Shift Register Optimization created 0 cells and removed 0 cells

Phase 8 Post Processing Netlist
Phase 8 Post Processing Netlist | Checksum: 20550a4cf

Time (s): cpu = 00:00:00.04 ; elapsed = 00:00:00.04 . Memory (MB): peak = 2875.941 ; gain = 32.016 ; free physical = 10699 ; free virtual = 17128
Post Processing Netlist | Checksum: 20550a4cf
INFO: [Opt 31-389] Phase Post Processing Netlist created 0 cells and removed 0 cells

Phase 9 Finalization

Phase 9.1 Finalizing Design Cores and Updating Shapes
Phase 9.1 Finalizing Design Cores and Updating Shapes | Checksum: 205684080

Time (s): cpu = 00:00:00.05 ; elapsed = 00:00:00.04 . Memory (MB): peak = 2875.941 ; gain = 32.016 ; free physical = 10699 ; free virtual = 17128

Phase 9.2 Verifying Netlist Connectivity

Starting Connectivity Check Task

Time (s): cpu = 00:00:00 ; elapsed = 00:00:00 . Memory (MB): peak = 2875.941 ; gain = 0.000 ; free physical = 10699 ; free virtual = 17128
Phase 9.2 Verifying Netlist Connectivity | Checksum: 205684080

Time (s): cpu = 00:00:00.05 ; elapsed = 00:00:00.05 . Memory (MB): peak = 2875.941 ; gain = 32.016 ; free physical = 10699 ; free virtual = 17128
Phase 9 Finalization | Checksum: 205684080

Time (s): cpu = 00:00:00.05 ; elapsed = 00:00:00.05 . Memory (MB): peak = 2875.941 ; gain = 32.016 ; free physical = 10699 ; free virtual = 17128
Opt_design Change Summary
=========================


-------------------------------------------------------------------------------------------------------------------------
|  Phase                        |  #Cells created  |  #Cells Removed  |  #Constrained objects preventing optimizations  |
-------------------------------------------------------------------------------------------------------------------------
|  Retarget                     |               0  |               0  |                                              0  |
|  Constant propagation         |               0  |               0  |                                              0  |
|  Sweep                        |               0  |               0  |                                              0  |
|  BUFG optimization            |               0  |               0  |                                              0  |
|  Shift Register Optimization  |               0  |               0  |                                              0  |
|  Post Processing Netlist      |               0  |               0  |                                              0  |
-------------------------------------------------------------------------------------------------------------------------


Ending Logic Optimization Task | Checksum: 205684080

Time (s): cpu = 00:00:00.05 ; elapsed = 00:00:00.05 . Memory (MB): peak = 2875.941 ; gain = 32.016 ; free physical = 10699 ; free virtual = 17128

Starting Power Optimization Task
INFO: [Pwropt 34-132] Skipping clock gating for clocks with a period < 2.00 ns.
Ending Power Optimization Task | Checksum: 205684080

Time (s): cpu = 00:00:00.01 ; elapsed = 00:00:00 . Memory (MB): peak = 2875.941 ; gain = 0.000 ; free physical = 10699 ; free virtual = 17128

Starting Final Cleanup Task
Ending Final Cleanup Task | Checksum: 205684080

Time (s): cpu = 00:00:00 ; elapsed = 00:00:00 . Memory (MB): peak = 2875.941 ; gain = 0.000 ; free physical = 10699 ; free virtual = 17128

Starting Netlist Obfuscation Task
Netlist sorting complete. Time (s): cpu = 00:00:00 ; elapsed = 00:00:00 . Memory (MB): peak = 2875.941 ; gain = 0.000 ; free physical = 10699 ; free virtual = 17128
Ending Netlist Obfuscation Task | Checksum: 205684080

Time (s): cpu = 00:00:00 ; elapsed = 00:00:00 . Memory (MB): peak = 2875.941 ; gain = 0.000 ; free physical = 10699 ; free virtual = 17128
INFO: [Common 17-83] Releasing license: Implementation
20 Infos, 1 Warnings, 0 Critical Warnings and 0 Errors encountered.
opt_design completed successfully
opt_design: Time (s): cpu = 00:00:07 ; elapsed = 00:00:07 . Memory (MB): peak = 2875.941 ; gain = 650.750 ; free physical = 10699 ; free virtual = 17128
# place_design
Command: place_design
Attempting to get a license for feature 'Implementation' and/or device 'xc7a100t'
INFO: [Common 17-349] Got license for feature 'Implementation' and/or device 'xc7a100t'
INFO: [Common 17-83] Releasing license: Implementation
INFO: [DRC 23-27] Running DRC with 8 threads
WARNING: [DRC 23-814] Not all possible (connectivity based) DRCs may have been run because this design is seen as Out of Context.
INFO: [Vivado_Tcl 4-198] DRC finished with 0 Errors
INFO: [Vivado_Tcl 4-199] Please refer to the DRC report (report_drc) for more information.
Running DRC as a precondition to command place_design
INFO: [DRC 23-27] Running DRC with 8 threads
WARNING: [DRC 23-814] Not all possible (connectivity based) DRCs may have been run because this design is seen as Out of Context.
INFO: [Vivado_Tcl 4-198] DRC finished with 0 Errors
INFO: [Vivado_Tcl 4-199] Please refer to the DRC report (report_drc) for more information.
INFO: [Place 30-611] Multithreading enabled for place_design using a maximum of 8 CPUs

Starting Placer Task

Phase 1 Placer Initialization

Phase 1.1 Placer Initialization Netlist Sorting
Netlist sorting complete. Time (s): cpu = 00:00:00 ; elapsed = 00:00:00 . Memory (MB): peak = 2875.941 ; gain = 0.000 ; free physical = 10697 ; free virtual = 17126
Phase 1.1 Placer Initialization Netlist Sorting | Checksum: 1550866fd

Time (s): cpu = 00:00:00 ; elapsed = 00:00:00 . Memory (MB): peak = 2875.941 ; gain = 0.000 ; free physical = 10697 ; free virtual = 17126
Netlist sorting complete. Time (s): cpu = 00:00:00 ; elapsed = 00:00:00 . Memory (MB): peak = 2875.941 ; gain = 0.000 ; free physical = 10697 ; free virtual = 17126

Phase 1.2 IO Placement/ Clock Placement/ Build Placer Device
INFO: [Timing 38-35] Done setting XDC timing constraints.
Phase 1.2 IO Placement/ Clock Placement/ Build Placer Device | Checksum: 11706bef1

Time (s): cpu = 00:00:00.18 ; elapsed = 00:00:00.08 . Memory (MB): peak = 2875.941 ; gain = 0.000 ; free physical = 10696 ; free virtual = 17125

Phase 1.3 Build Placer Netlist Model
Phase 1.3 Build Placer Netlist Model | Checksum: 15d95fd30

Time (s): cpu = 00:00:00.44 ; elapsed = 00:00:00.18 . Memory (MB): peak = 2907.957 ; gain = 32.016 ; free physical = 10696 ; free virtual = 17125

Phase 1.4 Constrain Clocks/Macros
Phase 1.4 Constrain Clocks/Macros | Checksum: 15d95fd30

Time (s): cpu = 00:00:00.44 ; elapsed = 00:00:00.18 . Memory (MB): peak = 2907.957 ; gain = 32.016 ; free physical = 10696 ; free virtual = 17125
Phase 1 Placer Initialization | Checksum: 15d95fd30

Time (s): cpu = 00:00:00.45 ; elapsed = 00:00:00.19 . Memory (MB): peak = 2907.957 ; gain = 32.016 ; free physical = 10696 ; free virtual = 17125

Phase 2 Global Placement

Phase 2.1 Floorplanning
Phase 2.1 Floorplanning | Checksum: 165b49566

Time (s): cpu = 00:00:00.56 ; elapsed = 00:00:00.22 . Memory (MB): peak = 2907.957 ; gain = 32.016 ; free physical = 10694 ; free virtual = 17123

Phase 2.2 Update Timing before SLR Path Opt
Phase 2.2 Update Timing before SLR Path Opt | Checksum: 1232b99d5

Time (s): cpu = 00:00:00.66 ; elapsed = 00:00:00.24 . Memory (MB): peak = 2907.957 ; gain = 32.016 ; free physical = 10694 ; free virtual = 17123

Phase 2.3 Post-Processing in Floorplanning
Phase 2.3 Post-Processing in Floorplanning | Checksum: 1232b99d5

Time (s): cpu = 00:00:00.67 ; elapsed = 00:00:00.24 . Memory (MB): peak = 2907.957 ; gain = 32.016 ; free physical = 10694 ; free virtual = 17123

Phase 2.4 Global Place Phase1
Phase 2.4 Global Place Phase1 | Checksum: 14f048285

Time (s): cpu = 00:00:03 ; elapsed = 00:00:00.93 . Memory (MB): peak = 2907.957 ; gain = 32.016 ; free physical = 10676 ; free virtual = 17106

Phase 2.5 Global Place Phase2

Phase 2.5.1 UpdateTiming Before Physical Synthesis
Phase 2.5.1 UpdateTiming Before Physical Synthesis | Checksum: 213584728

Time (s): cpu = 00:00:03 ; elapsed = 00:00:00.96 . Memory (MB): peak = 2907.957 ; gain = 32.016 ; free physical = 10676 ; free virtual = 17106

Phase 2.5.2 Physical Synthesis In Placer
INFO: [Physopt 32-1035] Found 0 LUTNM shape to break, 11 LUT instances to create LUTNM shape
INFO: [Physopt 32-1044] Break lutnm for timing: one critical 0, two critical 0, total 0, new lutff created 0
INFO: [Physopt 32-1138] End 1 Pass. Optimized 5 nets or LUTs. Breaked 0 LUT, combined 5 existing LUTs and moved 0 existing LUT
INFO: [Physopt 32-65] No nets found for high-fanout optimization.
INFO: [Physopt 32-232] Optimized 0 net. Created 0 new instance.
INFO: [Physopt 32-775] End 1 Pass. Optimized 0 net or cell. Created 0 new cell, deleted 0 existing cell and moved 0 existing cell
INFO: [Physopt 32-670] No setup violation found.  DSP Register Optimization was not performed.
INFO: [Physopt 32-670] No setup violation found.  Shift Register to Pipeline Optimization was not performed.
INFO: [Physopt 32-670] No setup violation found.  Shift Register Optimization was not performed.
INFO: [Physopt 32-670] No setup violation found.  BRAM Register Optimization was not performed.
INFO: [Physopt 32-670] No setup violation found.  URAM Register Optimization was not performed.
INFO: [Physopt 32-949] No candidate nets found for dynamic/static region interface net replication
INFO: [Physopt 32-775] End 1 Pass. Optimized 0 net or cell. Created 0 new cell, deleted 0 existing cell and moved 0 existing cell
Netlist sorting complete. Time (s): cpu = 00:00:00 ; elapsed = 00:00:00 . Memory (MB): peak = 2907.957 ; gain = 0.000 ; free physical = 10676 ; free virtual = 17105

Summary of Physical Synthesis Optimizations
============================================


-----------------------------------------------------------------------------------------------------------------------------------------------------------
|  Optimization                                     |  Added Cells  |  Removed Cells  |  Optimized Cells/Nets  |  Dont Touch  |  Iterations  |  Elapsed   |
-----------------------------------------------------------------------------------------------------------------------------------------------------------
|  LUT Combining                                    |            0  |              5  |                     5  |           0  |           1  |  00:00:00  |
|  Retime                                           |            0  |              0  |                     0  |           0  |           1  |  00:00:00  |
|  Very High Fanout                                 |            0  |              0  |                     0  |           0  |           1  |  00:00:00  |
|  DSP Register                                     |            0  |              0  |                     0  |           0  |           0  |  00:00:00  |
|  Shift Register to Pipeline                       |            0  |              0  |                     0  |           0  |           0  |  00:00:00  |
|  Shift Register                                   |            0  |              0  |                     0  |           0  |           0  |  00:00:00  |
|  BRAM Register                                    |            0  |              0  |                     0  |           0  |           0  |  00:00:00  |
|  URAM Register                                    |            0  |              0  |                     0  |           0  |           0  |  00:00:00  |
|  Dynamic/Static Region Interface Net Replication  |            0  |              0  |                     0  |           0  |           1  |  00:00:00  |
|  Total                                            |            0  |              5  |                     5  |           0  |           4  |  00:00:00  |
-----------------------------------------------------------------------------------------------------------------------------------------------------------


Phase 2.5.2 Physical Synthesis In Placer | Checksum: 1a2ac3eae

Time (s): cpu = 00:00:03 ; elapsed = 00:00:01 . Memory (MB): peak = 2907.957 ; gain = 32.016 ; free physical = 10676 ; free virtual = 17105
Phase 2.5 Global Place Phase2 | Checksum: 189cdd4af

Time (s): cpu = 00:00:03 ; elapsed = 00:00:01 . Memory (MB): peak = 2907.957 ; gain = 32.016 ; free physical = 10676 ; free virtual = 17105
Phase 2 Global Placement | Checksum: 189cdd4af

Time (s): cpu = 00:00:03 ; elapsed = 00:00:01 . Memory (MB): peak = 2907.957 ; gain = 32.016 ; free physical = 10676 ; free virtual = 17105

Phase 3 Detail Placement

Phase 3.1 Commit Multi Column Macros
Phase 3.1 Commit Multi Column Macros | Checksum: 12783832d

Time (s): cpu = 00:00:03 ; elapsed = 00:00:01 . Memory (MB): peak = 2907.957 ; gain = 32.016 ; free physical = 10676 ; free virtual = 17105

Phase 3.2 Commit Most Macros & LUTRAMs
Phase 3.2 Commit Most Macros & LUTRAMs | Checksum: 1effbbb36

Time (s): cpu = 00:00:03 ; elapsed = 00:00:01 . Memory (MB): peak = 2907.957 ; gain = 32.016 ; free physical = 10676 ; free virtual = 17105

Phase 3.3 Area Swap Optimization
Phase 3.3 Area Swap Optimization | Checksum: 1e53568bd

Time (s): cpu = 00:00:03 ; elapsed = 00:00:01 . Memory (MB): peak = 2907.957 ; gain = 32.016 ; free physical = 10676 ; free virtual = 17105

Phase 3.4 Pipeline Register Optimization
Phase 3.4 Pipeline Register Optimization | Checksum: 129850d94

Time (s): cpu = 00:00:03 ; elapsed = 00:00:01 . Memory (MB): peak = 2907.957 ; gain = 32.016 ; free physical = 10676 ; free virtual = 17105

Phase 3.5 Small Shape Detail Placement
Phase 3.5 Small Shape Detail Placement | Checksum: 2c8786892

Time (s): cpu = 00:00:04 ; elapsed = 00:00:01 . Memory (MB): peak = 2907.957 ; gain = 32.016 ; free physical = 10676 ; free virtual = 17105

Phase 3.6 Re-assign LUT pins
Phase 3.6 Re-assign LUT pins | Checksum: 22456d058

Time (s): cpu = 00:00:04 ; elapsed = 00:00:01 . Memory (MB): peak = 2907.957 ; gain = 32.016 ; free physical = 10676 ; free virtual = 17105

Phase 3.7 Pipeline Register Optimization
Phase 3.7 Pipeline Register Optimization | Checksum: 16886ea8d

Time (s): cpu = 00:00:04 ; elapsed = 00:00:01 . Memory (MB): peak = 2907.957 ; gain = 32.016 ; free physical = 10676 ; free virtual = 17105
Phase 3 Detail Placement | Checksum: 16886ea8d

Time (s): cpu = 00:00:04 ; elapsed = 00:00:01 . Memory (MB): peak = 2907.957 ; gain = 32.016 ; free physical = 10676 ; free virtual = 17105

Phase 4 Post Placement Optimization and Clean-Up

Phase 4.1 Post Commit Optimization
INFO: [Timing 38-35] Done setting XDC timing constraints.

Phase 4.1.1 Post Placement Optimization
Post Placement Optimization Initialization | Checksum: 1f7c4b5dd

Phase 4.1.1.1 BUFG Insertion

Starting Physical Synthesis Task

Phase 1 Physical Synthesis Initialization
INFO: [Physopt 32-721] Multithreading enabled for phys_opt_design using a maximum of 8 CPUs
INFO: [Physopt 32-619] Estimated Timing Summary | WNS=-0.418 | TNS=-4.828 |
Phase 1 Physical Synthesis Initialization | Checksum: 1b8f62623

Time (s): cpu = 00:00:00.03 ; elapsed = 00:00:00.01 . Memory (MB): peak = 2907.957 ; gain = 0.000 ; free physical = 10676 ; free virtual = 17105
INFO: [Place 46-56] BUFG insertion identified 0 candidate nets. Inserted BUFG: 0, Replicated BUFG Driver: 0, Skipped due to Placement/Routing Conflicts: 0, Skipped due to Timing Degradation: 0, Skipped due to netlist editing failed: 0.
Ending Physical Synthesis Task | Checksum: 1e2449498

Time (s): cpu = 00:00:00.04 ; elapsed = 00:00:00.02 . Memory (MB): peak = 2907.957 ; gain = 0.000 ; free physical = 10676 ; free virtual = 17105
Phase 4.1.1.1 BUFG Insertion | Checksum: 1f7c4b5dd

Time (s): cpu = 00:00:04 ; elapsed = 00:00:02 . Memory (MB): peak = 2907.957 ; gain = 32.016 ; free physical = 10676 ; free virtual = 17105

Phase 4.1.1.2 Post Placement Timing Optimization
INFO: [Place 30-746] Post Placement Timing Summary WNS=0.554. For the most accurate timing information please run report_timing.
Phase 4.1.1.2 Post Placement Timing Optimization | Checksum: 1c4727a38

Time (s): cpu = 00:00:05 ; elapsed = 00:00:02 . Memory (MB): peak = 2907.957 ; gain = 32.016 ; free physical = 10675 ; free virtual = 17105

Time (s): cpu = 00:00:05 ; elapsed = 00:00:02 . Memory (MB): peak = 2907.957 ; gain = 32.016 ; free physical = 10675 ; free virtual = 17105
Phase 4.1 Post Commit Optimization | Checksum: 1c4727a38

Time (s): cpu = 00:00:05 ; elapsed = 00:00:02 . Memory (MB): peak = 2907.957 ; gain = 32.016 ; free physical = 10675 ; free virtual = 17105

Phase 4.2 Post Placement Cleanup
Phase 4.2 Post Placement Cleanup | Checksum: 1c4727a38

Time (s): cpu = 00:00:05 ; elapsed = 00:00:02 . Memory (MB): peak = 2907.957 ; gain = 32.016 ; free physical = 10675 ; free virtual = 17105

Phase 4.3 Placer Reporting

Phase 4.3.1 Print Estimated Congestion
INFO: [Place 30-612] Post-Placement Estimated Congestion 
 ____________________________________________________
|           | Global Congestion | Short Congestion  |
| Direction | Region Size       | Region Size       |
|___________|___________________|___________________|
|      North|                1x1|                1x1|
|___________|___________________|___________________|
|      South|                1x1|                1x1|
|___________|___________________|___________________|
|       East|                1x1|                1x1|
|___________|___________________|___________________|
|       West|                1x1|                1x1|
|___________|___________________|___________________|

Phase 4.3.1 Print Estimated Congestion | Checksum: 1c4727a38

Time (s): cpu = 00:00:05 ; elapsed = 00:00:02 . Memory (MB): peak = 2907.957 ; gain = 32.016 ; free physical = 10675 ; free virtual = 17105
Phase 4.3 Placer Reporting | Checksum: 1c4727a38

Time (s): cpu = 00:00:05 ; elapsed = 00:00:02 . Memory (MB): peak = 2907.957 ; gain = 32.016 ; free physical = 10675 ; free virtual = 17105

Phase 4.4 Final Placement Cleanup
Netlist sorting complete. Time (s): cpu = 00:00:00 ; elapsed = 00:00:00 . Memory (MB): peak = 2907.957 ; gain = 0.000 ; free physical = 10675 ; free virtual = 17105

Time (s): cpu = 00:00:05 ; elapsed = 00:00:02 . Memory (MB): peak = 2907.957 ; gain = 32.016 ; free physical = 10675 ; free virtual = 17105
Phase 4 Post Placement Optimization and Clean-Up | Checksum: 18296fb52

Time (s): cpu = 00:00:05 ; elapsed = 00:00:02 . Memory (MB): peak = 2907.957 ; gain = 32.016 ; free physical = 10675 ; free virtual = 17105
Ending Placer Task | Checksum: 1096129a8

Time (s): cpu = 00:00:05 ; elapsed = 00:00:02 . Memory (MB): peak = 2907.957 ; gain = 32.016 ; free physical = 10675 ; free virtual = 17105
29 Infos, 2 Warnings, 0 Critical Warnings and 0 Errors encountered.
place_design completed successfully
# route_design
Command: route_design
Attempting to get a license for feature 'Implementation' and/or device 'xc7a100t'
INFO: [Common 17-349] Got license for feature 'Implementation' and/or device 'xc7a100t'


Starting Routing Task
INFO: [Route 35-254] Multithreading enabled for route_design using a maximum of 8 CPUs

Phase 1 Build RT Design
Checksum: PlaceDB: 56b3f720 ConstDB: 0 ShapeSum: dad2f2 RouteDB: b1d25f96
WARNING: [Route 35-197] Clock port "clk" does not have an associated HD.CLK_SRC. Without this constraint, timing analysis may not be accurate and upstream checks cannot be done to ensure correct clock placement.
WARNING: [Route 35-198] Port "s_tdata[6]" does not have an associated HD.PARTPIN_LOCS, which will prevent the partial routing of the signal "s_tdata[6]". Without this partial route, timing analysis to/from this port will not be accurate, and no routing information for this port can be exported.
WARNING: [Route 35-198] Port "s_tdata[7]" does not have an associated HD.PARTPIN_LOCS, which will prevent the partial routing of the signal "s_tdata[7]". Without this partial route, timing analysis to/from this port will not be accurate, and no routing information for this port can be exported.
WARNING: [Route 35-198] Port "s_tdata[2]" does not have an associated HD.PARTPIN_LOCS, which will prevent the partial routing of the signal "s_tdata[2]". Without this partial route, timing analysis to/from this port will not be accurate, and no routing information for this port can be exported.
WARNING: [Route 35-198] Port "s_tdata[4]" does not have an associated HD.PARTPIN_LOCS, which will prevent the partial routing of the signal "s_tdata[4]". Without this partial route, timing analysis to/from this port will not be accurate, and no routing information for this port can be exported.
WARNING: [Route 35-198] Port "s_tdata[0]" does not have an associated HD.PARTPIN_LOCS, which will prevent the partial routing of the signal "s_tdata[0]". Without this partial route, timing analysis to/from this port will not be accurate, and no routing information for this port can be exported.
WARNING: [Route 35-198] Port "s_tdata[5]" does not have an associated HD.PARTPIN_LOCS, which will prevent the partial routing of the signal "s_tdata[5]". Without this partial route, timing analysis to/from this port will not be accurate, and no routing information for this port can be exported.
WARNING: [Route 35-198] Port "s_tdata[3]" does not have an associated HD.PARTPIN_LOCS, which will prevent the partial routing of the signal "s_tdata[3]". Without this partial route, timing analysis to/from this port will not be accurate, and no routing information for this port can be exported.
WARNING: [Route 35-198] Port "s_tdata[1]" does not have an associated HD.PARTPIN_LOCS, which will prevent the partial routing of the signal "s_tdata[1]". Without this partial route, timing analysis to/from this port will not be accurate, and no routing information for this port can be exported.
WARNING: [Route 35-198] Port "s_tvalid" does not have an associated HD.PARTPIN_LOCS, which will prevent the partial routing of the signal "s_tvalid". Without this partial route, timing analysis to/from this port will not be accurate, and no routing information for this port can be exported.
WARNING: [Route 35-198] Port "m_tready" does not have an associated HD.PARTPIN_LOCS, which will prevent the partial routing of the signal "m_tready". Without this partial route, timing analysis to/from this port will not be accurate, and no routing information for this port can be exported.
WARNING: [Route 35-198] Port "rst_n" does not have an associated HD.PARTPIN_LOCS, which will prevent the partial routing of the signal "rst_n". Without this partial route, timing analysis to/from this port will not be accurate, and no routing information for this port can be exported.
WARNING: [Route 35-198] Port "s_tlast" does not have an associated HD.PARTPIN_LOCS, which will prevent the partial routing of the signal "s_tlast". Without this partial route, timing analysis to/from this port will not be accurate, and no routing information for this port can be exported.
WARNING: [Constraints 18-8777] Unable to split tiles. All required files are not available.
Post Restoration Checksum: NetGraph: 4fc46ba | NumContArr: 247f87fb | Constraints: c2a8fa9d | Timing: c2a8fa9d
Phase 1 Build RT Design | Checksum: 1aecdc3ef

Time (s): cpu = 00:00:18 ; elapsed = 00:00:15 . Memory (MB): peak = 2907.957 ; gain = 0.000 ; free physical = 10668 ; free virtual = 17098

Phase 2 Router Initialization

Phase 2.1 Fix Topology Constraints
Phase 2.1 Fix Topology Constraints | Checksum: 1aecdc3ef

Time (s): cpu = 00:00:18 ; elapsed = 00:00:15 . Memory (MB): peak = 2907.957 ; gain = 0.000 ; free physical = 10668 ; free virtual = 17098

Phase 2.2 Pre Route Cleanup
Phase 2.2 Pre Route Cleanup | Checksum: 1aecdc3ef

Time (s): cpu = 00:00:18 ; elapsed = 00:00:15 . Memory (MB): peak = 2907.957 ; gain = 0.000 ; free physical = 10668 ; free virtual = 17098
 Number of Nodes with overlaps = 0

Phase 2.3 Update Timing
Phase 2.3 Update Timing | Checksum: 25a58257b

Time (s): cpu = 00:00:18 ; elapsed = 00:00:15 . Memory (MB): peak = 2907.957 ; gain = 0.000 ; free physical = 10652 ; free virtual = 17081
INFO: [Route 35-416] Intermediate Timing Summary | WNS=0.606  | TNS=0.000  | WHS=0.106  | THS=0.000  |


Router Utilization Summary
  Global Vertical Routing Utilization    = 0 %
  Global Horizontal Routing Utilization  = 0 %
  Routable Net Status*
  *Does not include unroutable nets such as driverless and loadless.
  Run report_route_status for detailed report.
  Number of Failed Nets               = 227
    (Failed Nets is the sum of unrouted and partially routed nets)
  Number of Unrouted Nets             = 227
  Number of Partially Routed Nets     = 0
  Number of Node Overlaps             = 0

Phase 2 Router Initialization | Checksum: 1dc80121d

Time (s): cpu = 00:00:19 ; elapsed = 00:00:16 . Memory (MB): peak = 2907.957 ; gain = 0.000 ; free physical = 10652 ; free virtual = 17081

Phase 3 Global Routing
Phase 3 Global Routing | Checksum: 1dc80121d

Time (s): cpu = 00:00:19 ; elapsed = 00:00:16 . Memory (MB): peak = 2907.957 ; gain = 0.000 ; free physical = 10652 ; free virtual = 17081

Phase 4 Initial Routing

Phase 4.1 Initial Net Routing Pass
Phase 4.1 Initial Net Routing Pass | Checksum: 1257acdb4

Time (s): cpu = 00:00:19 ; elapsed = 00:00:16 . Memory (MB): peak = 2907.957 ; gain = 0.000 ; free physical = 10652 ; free virtual = 17081
Phase 4 Initial Routing | Checksum: 1257acdb4

Time (s): cpu = 00:00:19 ; elapsed = 00:00:16 . Memory (MB): peak = 2907.957 ; gain = 0.000 ; free physical = 10652 ; free virtual = 17081

Phase 5 Rip-up And Reroute

Phase 5.1 Global Iteration 0
 Number of Nodes with overlaps = 42
 Number of Nodes with overlaps = 18
 Number of Nodes with overlaps = 9
 Number of Nodes with overlaps = 5
 Number of Nodes with overlaps = 4
 Number of Nodes with overlaps = 4
 Number of Nodes with overlaps = 1
 Number of Nodes with overlaps = 0
INFO: [Route 35-416] Intermediate Timing Summary | WNS=0.445  | TNS=0.000  | WHS=N/A    | THS=N/A    |

Phase 5.1 Global Iteration 0 | Checksum: 296a2db0f

Time (s): cpu = 00:00:19 ; elapsed = 00:00:16 . Memory (MB): peak = 2907.957 ; gain = 0.000 ; free physical = 10652 ; free virtual = 17081
Phase 5 Rip-up And Reroute | Checksum: 296a2db0f

Time (s): cpu = 00:00:19 ; elapsed = 00:00:16 . Memory (MB): peak = 2907.957 ; gain = 0.000 ; free physical = 10652 ; free virtual = 17081

Phase 6 Delay and Skew Optimization

Phase 6.1 Delay CleanUp
Phase 6.1 Delay CleanUp | Checksum: 296a2db0f

Time (s): cpu = 00:00:19 ; elapsed = 00:00:16 . Memory (MB): peak = 2907.957 ; gain = 0.000 ; free physical = 10652 ; free virtual = 17081

Phase 6.2 Clock Skew Optimization
Phase 6.2 Clock Skew Optimization | Checksum: 296a2db0f

Time (s): cpu = 00:00:19 ; elapsed = 00:00:16 . Memory (MB): peak = 2907.957 ; gain = 0.000 ; free physical = 10652 ; free virtual = 17081
Phase 6 Delay and Skew Optimization | Checksum: 296a2db0f

Time (s): cpu = 00:00:19 ; elapsed = 00:00:16 . Memory (MB): peak = 2907.957 ; gain = 0.000 ; free physical = 10652 ; free virtual = 17081

Phase 7 Post Hold Fix

Phase 7.1 Hold Fix Iter
INFO: [Route 35-416] Intermediate Timing Summary | WNS=0.445  | TNS=0.000  | WHS=0.123  | THS=0.000  |

Phase 7.1 Hold Fix Iter | Checksum: 2d0e9b828

Time (s): cpu = 00:00:19 ; elapsed = 00:00:16 . Memory (MB): peak = 2907.957 ; gain = 0.000 ; free physical = 10652 ; free virtual = 17081
Phase 7 Post Hold Fix | Checksum: 2d0e9b828

Time (s): cpu = 00:00:19 ; elapsed = 00:00:16 . Memory (MB): peak = 2907.957 ; gain = 0.000 ; free physical = 10652 ; free virtual = 17081

Phase 8 Route finalize

Router Utilization Summary
  Global Vertical Routing Utilization    = 0.0149715 %
  Global Horizontal Routing Utilization  = 0.0168372 %
  Routable Net Status*
  *Does not include unroutable nets such as driverless and loadless.
  Run report_route_status for detailed report.
  Number of Failed Nets               = 0
    (Failed Nets is the sum of unrouted and partially routed nets)
  Number of Unrouted Nets             = 0
  Number of Partially Routed Nets     = 0
  Number of Node Overlaps             = 0

Phase 8 Route finalize | Checksum: 2d0e9b828

Time (s): cpu = 00:00:20 ; elapsed = 00:00:16 . Memory (MB): peak = 2907.957 ; gain = 0.000 ; free physical = 10652 ; free virtual = 17081

Phase 9 Verifying routed nets

 Verification completed successfully
Phase 9 Verifying routed nets | Checksum: 2d0e9b828

Time (s): cpu = 00:00:20 ; elapsed = 00:00:16 . Memory (MB): peak = 2907.957 ; gain = 0.000 ; free physical = 10652 ; free virtual = 17081

Phase 10 Depositing Routes
Phase 10 Depositing Routes | Checksum: 293e7df4d

Time (s): cpu = 00:00:20 ; elapsed = 00:00:16 . Memory (MB): peak = 2907.957 ; gain = 0.000 ; free physical = 10652 ; free virtual = 17081

Phase 11 Post Process Routing
Phase 11 Post Process Routing | Checksum: 293e7df4d

Time (s): cpu = 00:00:20 ; elapsed = 00:00:16 . Memory (MB): peak = 2907.957 ; gain = 0.000 ; free physical = 10652 ; free virtual = 17081

Phase 12 Post Router Timing
INFO: [Route 35-57] Estimated Timing Summary | WNS=0.445  | TNS=0.000  | WHS=0.123  | THS=0.000  |

INFO: [Route 35-327] The final timing numbers are based on the router estimated timing analysis. For a complete and accurate timing signoff, please run report_timing_summary.
Phase 12 Post Router Timing | Checksum: 293e7df4d

Time (s): cpu = 00:00:20 ; elapsed = 00:00:16 . Memory (MB): peak = 2907.957 ; gain = 0.000 ; free physical = 10652 ; free virtual = 17081
Total Elapsed time in route_design: 15.99 secs

Phase 13 Post-Route Event Processing
Phase 13 Post-Route Event Processing | Checksum: 122a82b2d

Time (s): cpu = 00:00:20 ; elapsed = 00:00:16 . Memory (MB): peak = 2907.957 ; gain = 0.000 ; free physical = 10652 ; free virtual = 17081
INFO: [Route 35-16] Router Completed Successfully
Ending Routing Task | Checksum: 122a82b2d

Time (s): cpu = 00:00:20 ; elapsed = 00:00:16 . Memory (MB): peak = 2907.957 ; gain = 0.000 ; free physical = 10652 ; free virtual = 17081

Routing Is Done.
INFO: [Common 17-83] Releasing license: Implementation
9 Infos, 14 Warnings, 0 Critical Warnings and 0 Errors encountered.
route_design completed successfully
route_design: Time (s): cpu = 00:00:20 ; elapsed = 00:00:16 . Memory (MB): peak = 2907.957 ; gain = 0.000 ; free physical = 10652 ; free virtual = 17081
# report_utilization    -file $here/../docs/utilization.rpt
# report_timing_summary -file $here/../docs/timing.rpt
INFO: [Timing 38-91] UpdateTimingParams: Speed grade: -1, Delay Type: min_max.
INFO: [Timing 38-191] Multithreading enabled for timing update using a maximum of 8 CPUs
WARNING: [Timing 38-242] The property HD.CLK_SRC of clock port "clk" is not set. In out-of-context mode, this prevents timing estimation for clock delay/skew
Resolution: Set the HD.CLK_SRC property of the out-of-context port to the location of the clock buffer instance in the top-level design
# puts "=== timing headline (read WNS below) ==="
=== timing headline (read WNS below) ===
# report_timing_summary -no_header -no_detailed_paths
INFO: [Timing 38-91] UpdateTimingParams: Speed grade: -1, Delay Type: min_max.
INFO: [Timing 38-191] Multithreading enabled for timing update using a maximum of 8 CPUs
------------------------------------------------------------------------------------------------
| Timer Settings
| --------------
------------------------------------------------------------------------------------------------

  Enable Multi Corner Analysis               :  Yes
  Enable Pessimism Removal                   :  Yes
  Pessimism Removal Resolution               :  Nearest Common Node
  Enable Input Delay Default Clock           :  No
  Enable Preset / Clear Arcs                 :  No
  Disable Flight Delays                      :  No
  Ignore I/O Paths                           :  No
  Timing Early Launch at Borrowing Latches   :  No
  Borrow Time for Max Delay Exceptions       :  Yes
  Merge Timing Exceptions                    :  Yes
  Inter-SLR Compensation                     :  Conservative

  Corner  Analyze    Analyze    
  Name    Max Paths  Min Paths  
  ------  ---------  ---------  
  Slow    Yes        Yes        
  Fast    Yes        Yes        


------------------------------------------------------------------------------------------------
| Report Methodology
| ------------------
------------------------------------------------------------------------------------------------

No report available as report_methodology has not been run prior. Run report_methodology on the current design for the summary of methodology violations.



check_timing report

Table of Contents
-----------------
1. checking no_clock (0)
2. checking constant_clock (0)
3. checking pulse_width_clock (0)
4. checking unconstrained_internal_endpoints (0)
5. checking no_input_delay (12)
6. checking no_output_delay (2)
7. checking multiple_clock (0)
8. checking generated_clocks (0)
9. checking loops (0)
10. checking partial_input_delay (0)
11. checking partial_output_delay (0)
12. checking latch_loops (0)

1. checking no_clock (0)
------------------------
 There are 0 register/latch pins with no clock.


2. checking constant_clock (0)
------------------------------
 There are 0 register/latch pins with constant_clock.


3. checking pulse_width_clock (0)
---------------------------------
 There are 0 register/latch pins which need pulse_width check


4. checking unconstrained_internal_endpoints (0)
------------------------------------------------
 There are 0 pins that are not constrained for maximum delay.

 There are 0 pins that are not constrained for maximum delay due to constant clock.


5. checking no_input_delay (12)
-------------------------------
 There are 12 input ports with no input delay specified. (HIGH)

 There are 0 input ports with no input delay but user has a false path constraint.


6. checking no_output_delay (2)
-------------------------------
 There are 2 ports with no output delay specified. (HIGH)

 There are 0 ports with no output delay but user has a false path constraint

 There are 0 ports with no output delay but with a timing clock defined on it or propagating through it


7. checking multiple_clock (0)
------------------------------
 There are 0 register/latch pins with multiple clocks.


8. checking generated_clocks (0)
--------------------------------
 There are 0 generated clocks that are not connected to a clock source.


9. checking loops (0)
---------------------
 There are 0 combinational loops in the design.


10. checking partial_input_delay (0)
------------------------------------
 There are 0 input ports with partial input delay specified.


11. checking partial_output_delay (0)
-------------------------------------
 There are 0 ports with partial output delay specified.


12. checking latch_loops (0)
----------------------------
 There are 0 combinational latch loops in the design through latch input



------------------------------------------------------------------------------------------------
| Design Timing Summary
| ---------------------
------------------------------------------------------------------------------------------------

    WNS(ns)      TNS(ns)  TNS Failing Endpoints  TNS Total Endpoints      WHS(ns)      THS(ns)  THS Failing Endpoints  THS Total Endpoints     WPWS(ns)     TPWS(ns)  TPWS Failing Endpoints  TPWS Total Endpoints  
    -------      -------  ---------------------  -------------------      -------      -------  ---------------------  -------------------     --------     --------  ----------------------  --------------------  
      0.446        0.000                      0                  268        0.124        0.000                      0                  268        1.500        0.000                       0                   149  


All user specified timing constraints are met.


------------------------------------------------------------------------------------------------
| Clock Summary
| -------------
------------------------------------------------------------------------------------------------

Clock  Waveform(ns)         Period(ns)      Frequency(MHz)
-----  ------------         ----------      --------------
clk    {0.000 2.000}        4.000           250.000         


------------------------------------------------------------------------------------------------
| Intra Clock Table
| -----------------
------------------------------------------------------------------------------------------------

Clock             WNS(ns)      TNS(ns)  TNS Failing Endpoints  TNS Total Endpoints      WHS(ns)      THS(ns)  THS Failing Endpoints  THS Total Endpoints     WPWS(ns)     TPWS(ns)  TPWS Failing Endpoints  TPWS Total Endpoints  
-----             -------      -------  ---------------------  -------------------      -------      -------  ---------------------  -------------------     --------     --------  ----------------------  --------------------  
clk                 0.446        0.000                      0                  268        0.124        0.000                      0                  268        1.500        0.000                       0                   149  


------------------------------------------------------------------------------------------------
| Inter Clock Table
| -----------------
------------------------------------------------------------------------------------------------

From Clock    To Clock          WNS(ns)      TNS(ns)  TNS Failing Endpoints  TNS Total Endpoints      WHS(ns)      THS(ns)  THS Failing Endpoints  THS Total Endpoints  
----------    --------          -------      -------  ---------------------  -------------------      -------      -------  ---------------------  -------------------  


------------------------------------------------------------------------------------------------
| Other Path Groups Table
| -----------------------
------------------------------------------------------------------------------------------------

Path Group    From Clock    To Clock          WNS(ns)      TNS(ns)  TNS Failing Endpoints  TNS Total Endpoints      WHS(ns)      THS(ns)  THS Failing Endpoints  THS Total Endpoints  
----------    ----------    --------          -------      -------  ---------------------  -------------------      -------      -------  ---------------------  -------------------  


INFO: [Common 17-206] Exiting Vivado at Fri Jul  3 16:15:22 2026...
